2026-10-01T17:04:12.090Z INFO  [bootstrap] Config artifacts initialized
2026-10-01T17:04:12.094Z INFO  [bootstrap] Global config found
2026-10-01T17:04:12.135Z INFO  [session] [browser-pane] setRpcServer called — remote browser bridge is now available
2026-10-01T17:04:12.217Z INFO  [session] Reinitializing auth for connection: omp (none)
2026-10-01T17:04:12.218Z INFO  [session] Auth env vars set for connection: omp
2026-10-01T17:04:12.218Z INFO  [session] Setting up ConfigWatcher for workspace: bb609d53-f2b6-f797-e834-5379a12b3ab5 (/workspace/rox-r15-evidence-20260930/direct-010-ui-20261001/browser/auth-negative/auth-negative-profile-P3Sa4H/workspaces/cloud-ui-baseline)
2026-10-01T17:04:12.246Z INFO  [session] Initialized AutomationSystem for workspace bb609d53-f2b6-f797-e834-5379a12b3ab5
2026-10-01T17:04:12.266Z INFO  [session] Loaded 1 sessions from disk (metadata only)
2026-10-01T17:04:12.267Z INFO  Rox server listening on ws://127.0.0.1:43523
[messaging] Disabled via CRAFT_DISABLE_MESSAGING — skipping workspace messaging init
CRAFT_SERVER_URL=ws://127.0.0.1:43523
CRAFT_SERVER_TOKEN=[redacted]
CRAFT_WEBUI_URL=http://0.0.0.0:43523
2026-10-01T17:04:12.500Z INFO  [bootstrap] Toolchain ensureAll scheduled
[webui] Failed auth attempt from direct
[webui] Successful auth from direct
[SchedulerService] TICK at 17:05 UTC: 2026-10-01T17:05:00.005Z
[SchedulerService] TICK callback completed
2026-10-01T17:05:02.408Z INFO  Shutting down...
2026-10-01T17:05:04.417Z INFO  [session] Cleaning up resources...
2026-10-01T17:05:04.417Z INFO  [session] Stopped config watcher for /workspace/rox-r15-evidence-20260930/direct-010-ui-20261001/browser/auth-negative/auth-negative-profile-P3Sa4H/workspaces/cloud-ui-baseline
2026-10-01T17:05:04.418Z INFO  [session] Disposed AutomationSystem for /workspace/rox-r15-evidence-20260930/direct-010-ui-20261001/browser/auth-negative/auth-negative-profile-P3Sa4H/workspaces/cloud-ui-baseline
2026-10-01T17:05:04.418Z INFO  [session] Cleanup complete
