$ bun run scripts/build-server.ts "--output=../../../workspace/rox-r15-direct-server-dist-20261001"
=== Building Craft Agent Server 0.11.5 for linux-x64 ===
  Output: /workspace/rox-r15-direct-server-dist-20261001

[1/8] Cleaning output directory...

[2/8] Downloading Bun bun-v1.3.9...
Downloading Bun bun-v1.3.9 for linux-x64...
  Downloading https://github.com/oven-sh/bun/releases/download/bun-v1.3.9/bun-linux-x64-baseline.zip...
  Download complete
  Downloading checksums...
  Verifying checksum...
  Checksum verified ✓
  Extracting...
  Bun installed to /tmp/rox-r15-exact-ui-20261001/checkout/apps/electron/vendor/bun/bun ✓
  Bun runtime installed (97.2 MB)

[3/8] Downloading uv 0.10.6...
Downloading uv 0.10.6 for linux-x64...
  Downloading https://github.com/astral-sh/uv/releases/download/0.10.6/uv-x86_64-unknown-linux-gnu.tar.gz...
  Downloading checksum...
  Verifying checksum...
  Checksum verified ✓
  uv installed to /tmp/rox-r15-exact-ui-20261001/checkout/apps/electron/resources/bin/linux-x64/uv ✓
  uv binary installed (53.0 MB)

[4/8] Building Pi agent server...
Building Pi agent server...
Bundled 1 module in 3ms

  stub-runner.js  2.1 KB  (entry point)

Bundled 3313 modules in 621ms

  index.js  32.93 MB  (entry point)

  Building WhatsApp worker bundle...
📨 Building WhatsApp worker (bundling Baileys) — build 2026-10-01T17:16:29.766Z (010fa8c+dirty)...

  packages/messaging-whatsapp-worker/dist/worker.cjs  5.8mb ⚠️

⚡ Done in 202ms
🔍 Verifying worker output...
✅ WhatsApp worker built (5.79 MB) → /tmp/rox-r15-exact-ui-20261001/checkout/packages/messaging-whatsapp-worker/dist/worker.cjs
  Building Discord worker bundle...
🎮 Building Discord worker (bundling discord.js) — build 2026-10-01T17:16:30.171Z (010fa8c+dirty)...

  packages/messaging-discord-worker/dist/worker.cjs  3.7mb ⚠️

⚡ Done in 171ms
🔍 Verifying worker output...
✅ Discord worker built (3.74 MB) → /tmp/rox-r15-exact-ui-20261001/checkout/packages/messaging-discord-worker/dist/worker.cjs

[5/8] Assembling resources...
  Copying docs, themes, permissions, tool-icons...
  Copying Python scripts...
  Copying doc tool wrappers...

[6/8] Copying production dependencies...
  Found 54 external packages referenced in source
  Source imports + declared deps: 640 packages
  Total: 644 packages copied to node_modules

[7/8] Copying workspace packages...
  Symlink: @craft-agent/session-tools-core -> packages/session-tools-core
  Symlink: @craft-agent/messaging-gateway -> packages/messaging-gateway
  Symlink: @craft-agent/shared -> packages/shared
  Symlink: @craft-agent/server -> packages/server
  Symlink: @craft-agent/core -> packages/core
  Symlink: @craft-agent/messaging-discord-worker -> packages/messaging-discord-worker
  Symlink: @craft-agent/messaging-whatsapp-worker -> packages/messaging-whatsapp-worker
  Symlink: @craft-agent/cloud-runner -> packages/cloud-runner
  Symlink: @craft-agent/server-core -> packages/server-core

[8/8] Creating entry scripts...

  Assembly complete: 976 MB

  Build completed successfully!

Quick start:
  CRAFT_SERVER_TOKEN=<secret> /workspace/rox-r15-direct-server-dist-20261001/start.sh
