sourceCommit=e0740755da02fa31112216b1a32b6d707c3a2cc1
bun=/tmp/rox-merge-toolchain-20261003/bun-darwin-aarch64/bun
command=["/tmp/rox-merge-toolchain-20261003/bun-darwin-aarch64/bun","--no-env-file","test","/Users/t/Projects/rox-one-recheck-candidate-20261003/docs/final-readiness/parallel-work/postmerge/e0740755da02fa31112216b1a32b6d707c3a2cc1/platforms-final/update-metadata-fixtures.test.ts"]
startedAt=2026-10-03T03:42:51.296Z

bun test v1.3.14 (0d9b296a)

docs/final-readiness/parallel-work/postmerge/e0740755da02fa31112216b1a32b6d707c3a2cc1/platforms-final/update-metadata-fixtures.test.ts:
(pass) actual e074 updater metadata verifier with isolated local installers > darwin accepts correct version, set, SHA512, size and legacy primary [471.95ms]
(pass) actual e074 updater metadata verifier with isolated local installers > darwin rejects wrong release version [261.27ms]
(pass) actual e074 updater metadata verifier with isolated local installers > darwin rejects modified installer bytes [383.75ms]
(pass) actual e074 updater metadata verifier with isolated local installers > darwin rejects correct hash with wrong declared size [15.96ms]
(pass) actual e074 updater metadata verifier with isolated local installers > darwin rejects mismatched legacy primary path [74.80ms]
(pass) actual e074 updater metadata verifier with isolated local installers > darwin rejects mismatched legacy primary hash [178.60ms]
(pass) actual e074 updater metadata verifier with isolated local installers > darwin rejects unexpected/traversal installer references before file read [181.04ms]
(pass) actual e074 updater metadata verifier with isolated local installers > darwin rejects absent manifest [67.64ms]
(pass) actual e074 updater metadata verifier with isolated local installers > win32 accepts correct version, set, SHA512, size and legacy primary [132.91ms]
(pass) actual e074 updater metadata verifier with isolated local installers > win32 rejects wrong release version [7.95ms]
(pass) actual e074 updater metadata verifier with isolated local installers > win32 rejects modified installer bytes [158.97ms]
(pass) actual e074 updater metadata verifier with isolated local installers > win32 rejects correct hash with wrong declared size [255.77ms]
(pass) actual e074 updater metadata verifier with isolated local installers > win32 rejects mismatched legacy primary path [348.73ms]
(pass) actual e074 updater metadata verifier with isolated local installers > win32 rejects mismatched legacy primary hash [432.99ms]
(pass) actual e074 updater metadata verifier with isolated local installers > win32 rejects unexpected/traversal installer references before file read [147.56ms]
(pass) actual e074 updater metadata verifier with isolated local installers > win32 rejects absent manifest [534.94ms]
(pass) actual e074 updater metadata verifier with isolated local installers > macOS missing ZIP cannot pass verification [258.16ms]
(pass) actual e074 updater metadata verifier with isolated local installers > macOS duplicate installer references are rejected [222.91ms]
(pass) actual e074 updater metadata verifier with isolated local installers > current verifier has an ARM64-only Mac contract: valid Intel pair is rejected [174.82ms]

 19 pass
 0 fail
 19 expect() calls
Ran 19 tests across 1 file. [6.61s]

exitCode=0
