bun test v1.3.14 (0d9b296a)

apps/electron/src/renderer/atoms/rox-readiness-ui-001.layout.test.ts:
(pass) ROX UI-001 real persisted layout atoms > bounds live writes before consumers read them and saves the same value [8.61ms]
(pass) ROX UI-001 real persisted layout atoms > retains the inspector host range instead of narrowing valid saved widths [0.74ms]
(pass) ROX UI-001 real persisted layout atoms > rounds updater callbacks and reloads canonical values in a fresh store [0.84ms]
(pass) ROX UI-001 real persisted layout atoms > recovers malformed JSON, wrong types and non-finite JSON on reload [1.40ms]
(pass) ROX UI-001 real persisted layout atoms > keeps valid live sizes usable when persistence or reset is denied [1.44ms]
(pass) ROX UI-001 real persisted layout atoms > normalizes cross-window storage events and unsubscribes on unmount [1.28ms]

apps/electron/src/renderer/components/app-shell/__tests__/rox-readiness-ui-001.workspace-recovery.test.ts:
(pass) ROX UI-001 actual AppShell workspace callbacks > ignores late sources responses after workspace/directory change [136.72ms]
(pass) ROX UI-001 actual AppShell workspace callbacks > keeps a live sources deletion ahead of a pending initial snapshot [20.16ms]
(pass) ROX UI-001 actual AppShell workspace callbacks > ignores late skills responses after workspace/directory change [64.19ms]
(pass) ROX UI-001 actual AppShell workspace callbacks > keeps a live skills deletion ahead of a pending initial snapshot [19.38ms]
(pass) ROX UI-001 actual AppShell workspace callbacks > keeps project and OMP skills when a workspace-only event invalidates the full catalog [12.03ms]
(pass) ROX UI-001 actual AppShell workspace callbacks > accepts only the newest scoped skill refresh after consecutive workspace events [16.18ms]
(pass) ROX UI-001 actual AppShell workspace callbacks > retains the complete skill catalog through a failed refresh and accepts a later recovery [10.16ms]
(pass) ROX UI-001 actual AppShell workspace callbacks > recovers from request rejection and unmount without installing stale data [17.37ms]
(pass) ROX UI-001 actual AppShell workspace callbacks > restores workspace geometry before an old pending keyboard resize can commit [15.43ms]
(pass) ROX UI-001 workspace persistence isolation > does not save old viewFilters over the next workspace during restoration [17.20ms]
(pass) ROX UI-001 workspace persistence isolation > does not save old collapsedSidebarItems over the next workspace during restoration [9.95ms]

apps/electron/src/renderer/components/app-shell/__tests__/rox-readiness-ui-001.route-recovery.test.ts:
▲ [WARNING] This case clause will never be evaluated because it duplicates an earlier case clause [duplicate-case]

    apps/electron/src/shared/route-parser.ts:1347:9:
      1347 │     case 'pages':
           ╵          ~~~~~~~

  The earlier case clause is here:

    apps/electron/src/shared/route-parser.ts:1321:9:
      1321 │     case 'pages':
           ╵          ~~~~~~~

▲ [WARNING] This case clause will never be evaluated because it duplicates an earlier case clause [duplicate-case]

    apps/electron/src/shared/route-parser.ts:1349:9:
      1349 │     case 'page-info':
           ╵          ~~~~~~~~~~~

  The earlier case clause is here:

    apps/electron/src/shared/route-parser.ts:1323:9:
      1323 │     case 'page-info':
           ╵          ~~~~~~~~~~~

(pass) ROX UI-001 actual MainContentPanel dispatch > dispatches allSessions/session/session-one with its own selected entity [10.22ms]
(pass) ROX UI-001 actual MainContentPanel dispatch > dispatches sources/source/source-one with its own selected entity [3.93ms]
(pass) ROX UI-001 actual MainContentPanel dispatch > dispatches skills/skill/skill-one with its own selected entity [0.50ms]
(pass) ROX UI-001 actual MainContentPanel dispatch > dispatches projects/project/project-one with its own selected entity [0.52ms]
(pass) ROX UI-001 actual MainContentPanel dispatch > dispatches notes/note/note-one with its own selected entity [0.44ms]
(pass) ROX UI-001 actual MainContentPanel dispatch > dispatches pages/page/page-one with its own selected entity [0.55ms]
(pass) ROX UI-001 actual MainContentPanel dispatch > dispatches knowledge/document/knowledge-one with its own selected entity [0.47ms]
(pass) ROX UI-001 actual MainContentPanel dispatch > dispatches extension/extension-one/view-one with its own selected entity [0.35ms]
(pass) ROX UI-001 actual MainContentPanel dispatch > dispatches terminal/terminal-one with its own selected entity [0.32ms]
(pass) ROX UI-001 actual MainContentPanel dispatch > dispatches cloud-run/run-one with its own selected entity [0.30ms]
(pass) ROX UI-001 actual MainContentPanel dispatch > dispatches dossier/item/item-one with its own selected entity [0.27ms]
(pass) ROX UI-001 actual MainContentPanel dispatch > dispatches radar/item/item-one with its own selected entity [0.17ms]
(pass) ROX UI-001 actual MainContentPanel dispatch > dispatches decisions/item/item-one with its own selected entity [0.18ms]
(pass) ROX UI-001 actual MainContentPanel dispatch > dispatches agents/item/item-one with its own selected entity [0.14ms]
(pass) ROX UI-001 actual MainContentPanel dispatch > dispatches focus/item/item-one with its own selected entity [0.12ms]
(pass) ROX UI-001 actual MainContentPanel dispatch > renders an explicit unavailable state for an unsupported navigation state [0.23ms]

 33 pass
 0 fail
 109 expect() calls
Ran 33 tests across 3 files. [1165.00ms]
