bun test v1.3.14 (0d9b296a)

apps/electron/src/renderer/contexts/__tests__/rox-readiness-ui-001.navigation-browser.test.ts:
(pass) UI-001 mounted NavigationProvider raw URL/readiness/history > initial missing entity never auto-selects an existing chat and survives reload [286.41ms]
(pass) UI-001 mounted NavigationProvider raw URL/readiness/history > unknown and malformed routes preserve raw addresses on initial load/reload/deep link [523.71ms]
(pass) UI-001 mounted NavigationProvider raw URL/readiness/history > legacy known-root incomplete shapes remain unavailable through auto-selection effects [616.09ms]
(pass) UI-001 mounted NavigationProvider raw URL/readiness/history > raw commas, colon suffixes and malformed escapes round-trip within a multi-panel URL [239.89ms]
(pass) UI-001 mounted NavigationProvider raw URL/readiness/history > queued nested/encoded raw view and new-panel option are replayed after readiness [177.28ms]
(pass) UI-001 mounted NavigationProvider raw URL/readiness/history > queued malformed view survives a session-readiness-only race [197.73ms]
(pass) UI-001 mounted NavigationProvider raw URL/readiness/history > actual back/forward, deletion and workspace restoration preserve explicit selection [173.31ms]
(pass) UI-001 mounted NavigationProvider raw URL/readiness/history > canonical page broadcasts beat stale list replies and former workspace replies are ignored [207.43ms]
(pass) UI-001 mounted NavigationProvider raw URL/readiness/history > popstate received before metadata readiness is reconciled when readiness returns [218.95ms]
(pass) UI-001 mounted NavigationProvider raw URL/readiness/history > queued page broadcast from the former A owner cannot publish after A to B to A [233.24ms]
(pass) UI-001 mounted NavigationProvider raw URL/readiness/history > blocked popstate retains its exact target through an actual panel resize [181.71ms]
(pass) UI-001 mounted NavigationProvider raw URL/readiness/history > workspace restoration waits for full readiness and resize cannot overwrite stored selection [183.69ms]
(pass) UI-001 mounted NavigationProvider raw URL/readiness/history > late create replies from former A ownership cannot navigate, prefill or send after A to B to A [366.10ms]
(pass) UI-001 mounted NavigationProvider raw URL/readiness/history > already scheduled input and send callbacks retain the original committed owner [188.39ms]
(pass) UI-001 mounted NavigationProvider raw URL/readiness/history > new navigation in the same workspace cancels an older deferred create response [326.05ms]
(pass) UI-001 mounted NavigationProvider raw URL/readiness/history > actual same-workspace Back cancels an older deferred create response [324.72ms]
(pass) UI-001 mounted NavigationProvider raw URL/readiness/history > focusing another existing panel cancels the former panel deferred create response [365.64ms]
(pass) UI-001 mounted NavigationProvider raw URL/readiness/history > focus away and back cannot regain an old deferred-create continuation [329.79ms]
(pass) UI-001 mounted NavigationProvider raw URL/readiness/history > the current new-panel create retains its own committed focus and delayed prefill [169.24ms]
(pass) UI-001 mounted NavigationProvider raw URL/readiness/history > current create actions still navigate, rename, prefill and send using actual callbacks [191.94ms]
(pass) UI-001 mounted NavigationProvider raw URL/readiness/history > session-created metadata cannot steal a pending list-route new-chat action and its prefill [274.83ms]
(pass) UI-001 mounted NavigationProvider raw URL/readiness/history > retained deep-link listener cannot create or send in a former workspace [292.73ms]
(pass) UI-001 mounted NavigationProvider raw URL/readiness/history > retained deep-link listeners stay disposed after workspace ABA and same-workspace readiness reinstall [374.44ms]
(pass) UI-001 mounted NavigationProvider raw URL/readiness/history > current deep-link listener retains raw query views and executes current action parameters [175.09ms]
(pass) UI-001 mounted NavigationProvider raw URL/readiness/history > remote-only ownership rotation installs a current deep-link listener with stable callbacks [185.19ms]
(pass) UI-001 mounted NavigationProvider raw URL/readiness/history > retained remote-owner listeners cannot navigate create or send after remote-only ABA [280.85ms]

 26 pass
 0 fail
 74 expect() calls
Ran 26 tests across 1 file. [8.17s]
