{
  "environment": "Actual mounted NavigationProvider, PanelSlot, MainContentPanel, session-selection hooks and panel/session atoms in isolated Chromium; leaf presentation and IPC boundary fixtures; no hosted/native service acceptance",
  "browserVersion": "153.0.8010.12",
  "results": [
    {
      "name": "The mounted NavigationProvider restores a source deep link, back/forward and reload",
      "pass": true
    },
    {
      "name": "A deleted selected source retains its URL and specific missing surface",
      "pass": true
    },
    {
      "name": "Missing and deleted explicit sessions stay selected instead of choosing another chat",
      "pass": true
    },
    {
      "name": "A foreign workspace session is unavailable and the remote alias remains valid",
      "pass": false,
      "error": "AssertionError [ERR_ASSERTION]: Expected values to be strictly equal:\n\n1 !== 0\n; url=http://127.0.0.1:64821/?ws=workspace-a&route=allSessions%2Fsession%2Fforeign; state={\"navigator\":\"unavailable\",\"route\":\"allSessions/session/foreign\",\"reason\":\"workspace-mismatch\"}; actions=[]"
    },
    {
      "name": "Restoring a foreign session address checks the actual PanelSlot override through reload",
      "pass": false,
      "error": "AssertionError [ERR_ASSERTION]: Expected values to be strictly equal:\n\n1 !== 0\n; url=http://127.0.0.1:64821/?ws=workspace-a&route=allSessions%2Fsession%2Fforeign; state={\"navigator\":\"unavailable\",\"route\":\"allSessions/session/foreign\",\"reason\":\"workspace-mismatch\"}; actions=[]"
    },
    {
      "name": "An unfocused foreign-session panel stays unavailable beside a valid local panel",
      "pass": false,
      "error": "AssertionError [ERR_ASSERTION]: Expected values to be strictly equal:\n\n0 !== 1\n; url=http://127.0.0.1:64821/?ws=workspace-a&route=allSessions%2Fsession%2Flocal&panels=allSessions%2Fsession%2Fforeign%3A1.0000%2CallSessions%2Fsession%2Flocal%3A0.0000&fi=1; state={\"navigator\":\"sessions\",\"filter\":{\"kind\":\"allSessions\"},\"details\":{\"type\":\"session\",\"sessionId\":\"local\"}}; actions=[]"
    },
    {
      "name": "Unknown and malformed incoming deep links retain an unavailable surface through reload",
      "pass": false,
      "error": "AssertionError [ERR_ASSERTION]: Expected values to be strictly equal:\n+ actual - expected\n\n+ 'retired/surface:0.0000'\n- 'retired/surface'\n                  ^\n; url=http://127.0.0.1:64821/?ws=workspace-a&route=retired%2Fsurface%3A0.0000&panels=allSessions%2Fsession%2Fforeign%3A1.0000%3A0.5000%2Cretired%2Fsurface%3A0.0000%3A0.5000&fi=1; state={\"navigator\":\"unavailable\",\"route\":\"retired/surface:0.0000\",\"reason\":\"unsupported-route\"}; actions=[]"
    },
    {
      "name": "A queued address keeps its complete entity and new-panel option until readiness",
      "pass": true
    },
    {
      "name": "A queued deep-link action retains query parameters and executes once after readiness",
      "pass": true
    },
    {
      "name": "Browser workspace history restores the workspace and its selected address together",
      "pass": false,
      "error": "TimeoutError: forFunction: Timeout 3500ms exceeded.; url=http://127.0.0.1:64821/?ws=workspace-a&route=allSessions%2Fsession%2Fcreated&delayed=1; state={\"navigator\":\"sessions\",\"filter\":{\"kind\":\"allSessions\"},\"details\":null}; actions=[]"
    },
    {
      "name": "Unmount removes the actual deep-link subscription",
      "pass": true
    }
  ]
}
