{
  "environment": "Actual mounted NavigationProvider, PanelSlot, MainContentPanel, session-selection hooks and panel/session atoms under the production StrictMode wrapper in isolated Chromium; leaf presentation and IPC boundary fixtures; no hosted/native service acceptance",
  "browserVersion": "153.0.8010.12",
  "results": [
    {
      "name": "The mounted NavigationProvider restores a source deep link, back/forward and reload",
      "pass": true
    },
    {
      "name": "A deleted selected source retains its URL and specific missing surface",
      "pass": true
    },
    {
      "name": "Missing and deleted explicit sessions stay selected instead of choosing another chat",
      "pass": true
    },
    {
      "name": "A foreign workspace session is unavailable and the remote alias remains valid",
      "pass": true
    },
    {
      "name": "Restoring a foreign session address checks the actual PanelSlot override through reload",
      "pass": true
    },
    {
      "name": "An unfocused foreign-session panel stays unavailable beside a valid local panel",
      "pass": true
    },
    {
      "name": "Cleared metadata cannot mount a retained chat during a real workspace transition",
      "pass": false,
      "error": "TimeoutError: for: Timeout 3500ms exceeded.\nCall log:\n\u001b[2m  - waiting for locator('[data-testid=\"route-session-unavailable\"]') to be visible\u001b[22m\n; url=http://127.0.0.1:61010/?ws=workspace-a&route=allSessions%2Fsession%2Flocal; state={\"navigator\":\"sessions\",\"filter\":{\"kind\":\"allSessions\"},\"details\":{\"type\":\"session\",\"sessionId\":\"local\"}}; actions=[]"
    },
    {
      "name": "Legacy zero/one panel proportions recover without becoming part of an entity address",
      "pass": true
    },
    {
      "name": "Unknown and malformed incoming deep links retain an unavailable surface through reload",
      "pass": true
    },
    {
      "name": "A queued address keeps its complete entity and new-panel option until readiness",
      "pass": true
    },
    {
      "name": "A queued deep-link action retains query parameters and executes once after readiness",
      "pass": true
    },
    {
      "name": "Browser workspace history restores the workspace and its selected address together",
      "pass": true
    },
    {
      "name": "Deleted and rejected history workspaces release suppression for later navigation and workspace switches",
      "pass": false,
      "error": "TimeoutError: forFunction: Timeout 3500ms exceeded.; url=http://127.0.0.1:61010/?ws=workspace-a&route=sources%2Fsource%2Ftwo; state={\"navigator\":\"sources\",\"details\":{\"type\":\"source\",\"sourceSlug\":\"two\"}}; actions=[]"
    },
    {
      "name": "Unmount removes the actual deep-link subscription",
      "pass": true
    }
  ]
}
