bun test v1.3.14 (0d9b296a)

apps/electron/src/renderer/contexts/__tests__/rox-readiness-ui-001.navigation-browser.test.ts:
(pass) UI-001 mounted NavigationProvider raw URL/readiness/history > initial missing entity never auto-selects an existing chat and survives reload [521.33ms]
(pass) UI-001 mounted NavigationProvider raw URL/readiness/history > unknown and malformed routes preserve raw addresses on initial load/reload/deep link [466.38ms]
(pass) UI-001 mounted NavigationProvider raw URL/readiness/history > legacy known-root incomplete shapes remain unavailable through auto-selection effects [592.94ms]
(pass) UI-001 mounted NavigationProvider raw URL/readiness/history > raw commas, colon suffixes and malformed escapes round-trip within a multi-panel URL [227.54ms]
(pass) UI-001 mounted NavigationProvider raw URL/readiness/history > queued nested/encoded raw view and new-panel option are replayed after readiness [171.43ms]
(pass) UI-001 mounted NavigationProvider raw URL/readiness/history > queued malformed view survives a session-readiness-only race [194.07ms]
(pass) UI-001 mounted NavigationProvider raw URL/readiness/history > actual back/forward, deletion and workspace restoration preserve explicit selection [210.34ms]
(pass) UI-001 mounted NavigationProvider raw URL/readiness/history > canonical page broadcasts beat stale list replies and former workspace replies are ignored [189.57ms]
(pass) UI-001 mounted NavigationProvider raw URL/readiness/history > popstate received before metadata readiness is reconciled when readiness returns [171.07ms]
(pass) UI-001 mounted NavigationProvider raw URL/readiness/history > queued page broadcast from the former A owner cannot publish after A to B to A [184.44ms]
(pass) UI-001 mounted NavigationProvider raw URL/readiness/history > blocked popstate retains its exact target through an actual panel resize [189.10ms]
(pass) UI-001 mounted NavigationProvider raw URL/readiness/history > workspace restoration waits for full readiness and resize cannot overwrite stored selection [191.35ms]
(pass) UI-001 mounted NavigationProvider raw URL/readiness/history > late create replies from former A ownership cannot navigate, prefill or send after A to B to A [384.90ms]
(pass) UI-001 mounted NavigationProvider raw URL/readiness/history > already scheduled input and send callbacks retain the original committed owner [184.43ms]
(pass) UI-001 mounted NavigationProvider raw URL/readiness/history > new navigation in the same workspace cancels an older deferred create response [345.80ms]
(pass) UI-001 mounted NavigationProvider raw URL/readiness/history > actual same-workspace Back cancels an older deferred create response [353.51ms]
(pass) UI-001 mounted NavigationProvider raw URL/readiness/history > focusing another existing panel cancels the former panel deferred create response [333.92ms]
(pass) UI-001 mounted NavigationProvider raw URL/readiness/history > focus away and back cannot regain an old deferred-create continuation [387.12ms]
(pass) UI-001 mounted NavigationProvider raw URL/readiness/history > the current new-panel create retains its own committed focus and delayed prefill [334.40ms]
(pass) UI-001 mounted NavigationProvider raw URL/readiness/history > current create actions still navigate, rename, prefill and send using actual callbacks [185.34ms]
(pass) UI-001 mounted NavigationProvider raw URL/readiness/history > session-created metadata cannot steal a pending list-route new-chat action and its prefill [296.72ms]
(pass) UI-001 mounted NavigationProvider raw URL/readiness/history > retained deep-link listener cannot create or send in a former workspace [338.81ms]
(pass) UI-001 mounted NavigationProvider raw URL/readiness/history > retained deep-link listeners stay disposed after workspace ABA and same-workspace readiness reinstall [422.25ms]
(pass) UI-001 mounted NavigationProvider raw URL/readiness/history > current deep-link listener retains raw query views and executes current action parameters [193.20ms]
(pass) UI-001 mounted NavigationProvider raw URL/readiness/history > remote-only ownership rotation installs a current deep-link listener with stable callbacks [198.38ms]
(pass) UI-001 mounted NavigationProvider raw URL/readiness/history > retained remote-owner listeners cannot navigate create or send after remote-only ABA [302.34ms]

 26 pass
 0 fail
 74 expect() calls
Ran 26 tests across 1 file. [14.57s]
