bun test v1.3.14 (0d9b296a)

apps/electron/src/renderer/contexts/__tests__/rox-readiness-ui-001.navigation-browser.test.ts:
(pass) UI-001 mounted NavigationProvider raw URL/readiness/history > initial missing entity never auto-selects an existing chat and survives reload [379.89ms]
(pass) UI-001 mounted NavigationProvider raw URL/readiness/history > unknown and malformed routes preserve raw addresses on initial load/reload/deep link [991.26ms]
(pass) UI-001 mounted NavigationProvider raw URL/readiness/history > legacy known-root incomplete shapes remain unavailable through auto-selection effects [744.12ms]
(pass) UI-001 mounted NavigationProvider raw URL/readiness/history > raw commas, colon suffixes and malformed escapes round-trip within a multi-panel URL [536.30ms]
(pass) UI-001 mounted NavigationProvider raw URL/readiness/history > queued nested/encoded raw view and new-panel option are replayed after readiness [283.56ms]
(pass) UI-001 mounted NavigationProvider raw URL/readiness/history > queued malformed view survives a session-readiness-only race [268.00ms]
(pass) UI-001 mounted NavigationProvider raw URL/readiness/history > actual back/forward, deletion and workspace restoration preserve explicit selection [287.07ms]
(pass) UI-001 mounted NavigationProvider raw URL/readiness/history > missing or rejected workspace history targets release suppression and retain current selection [284.77ms]
(pass) UI-001 mounted NavigationProvider raw URL/readiness/history > pending workspace history keeps its target during resize and late failure cannot overwrite a newer intent [536.50ms]
(pass) UI-001 mounted NavigationProvider raw URL/readiness/history > canonical page broadcasts beat stale list replies and former workspace replies are ignored [281.21ms]
(pass) UI-001 mounted NavigationProvider raw URL/readiness/history > popstate received before metadata readiness is reconciled when readiness returns [249.66ms]
(pass) UI-001 mounted NavigationProvider raw URL/readiness/history > queued page broadcast from the former A owner cannot publish after A to B to A [249.34ms]
(pass) UI-001 mounted NavigationProvider raw URL/readiness/history > blocked popstate retains its exact target through an actual panel resize [349.61ms]
(pass) UI-001 mounted NavigationProvider raw URL/readiness/history > workspace restoration waits for full readiness and resize cannot overwrite stored selection [409.81ms]
(pass) UI-001 mounted NavigationProvider raw URL/readiness/history > late create replies from former A ownership cannot navigate, prefill or send after A to B to A [530.55ms]
(pass) UI-001 mounted NavigationProvider raw URL/readiness/history > already scheduled input and send callbacks retain the original committed owner [303.78ms]
(pass) UI-001 mounted NavigationProvider raw URL/readiness/history > new navigation in the same workspace cancels an older deferred create response [407.15ms]
(pass) UI-001 mounted NavigationProvider raw URL/readiness/history > actual same-workspace Back cancels an older deferred create response [374.90ms]
(pass) UI-001 mounted NavigationProvider raw URL/readiness/history > focusing another existing panel cancels the former panel deferred create response [372.68ms]
(pass) UI-001 mounted NavigationProvider raw URL/readiness/history > focus away and back cannot regain an old deferred-create continuation [370.29ms]
(pass) UI-001 mounted NavigationProvider raw URL/readiness/history > the current new-panel create retains its own committed focus and delayed prefill [215.36ms]
(pass) UI-001 mounted NavigationProvider raw URL/readiness/history > current create actions still navigate, rename, prefill and send using actual callbacks [222.59ms]
(pass) UI-001 mounted NavigationProvider raw URL/readiness/history > session-created metadata cannot steal a pending list-route new-chat action and its prefill [325.62ms]
(pass) UI-001 mounted NavigationProvider raw URL/readiness/history > retained deep-link listener cannot create or send in a former workspace [323.78ms]
(pass) UI-001 mounted NavigationProvider raw URL/readiness/history > retained deep-link listeners stay disposed after workspace ABA and same-workspace readiness reinstall [420.74ms]
(pass) UI-001 mounted NavigationProvider raw URL/readiness/history > current deep-link listener retains raw query views and executes current action parameters [237.48ms]
(pass) UI-001 mounted NavigationProvider raw URL/readiness/history > remote-only ownership rotation installs a current deep-link listener with stable callbacks [216.63ms]
(pass) UI-001 mounted NavigationProvider raw URL/readiness/history > retained remote-owner listeners cannot navigate create or send after remote-only ABA [329.12ms]

 28 pass
 0 fail
 81 expect() calls
Ran 28 tests across 1 file. [11.79s]
