bun test v1.3.14 (0d9b296a)

apps/electron/src/renderer/components/app-shell/__tests__/rox-readiness-ui-001.navigation-browser.test.ts:
(pass) UI-001 actual navigation in Chromium > unknown single link survives reload and never selects its nested session [3135.10ms]
(pass) UI-001 actual navigation in Chromium > malformed encoding and legacy lossy degradation retain their own unavailable surface [5813.67ms]
(pass) UI-001 actual navigation in Chromium > multi-panel restore retains valid sibling, unavailable focus and proportions across reload [1992.60ms]
(pass) UI-001 actual navigation in Chromium > actual navigate and deep-link callbacks preserve unavailable route and browser back/forward [1392.15ms]
(pass) UI-001 actual navigation in Chromium > stored action address cannot execute, while explicit action callback still runs once [2397.20ms]
(pass) UI-001 actual navigation in Chromium > explicit navigation preserves spelling only after session workspace validation [2030.03ms]
(pass) UI-001 actual navigation in Chromium > pending search replay retains query and new-panel options [907.01ms]
(pass) UI-001 actual navigation in Chromium > latest pending unknown address wins without selecting a previous valid session [1352.44ms]
(pass) UI-001 actual navigation in Chromium > additional query parameters survive list auto-selection, navigation, history and reload [3104.36ms]
(pass) UI-001 actual navigation in Chromium > literal commas, percent encoding and unknown addresses retain separate panels after reload [1904.34ms]
(pass) UI-001 actual navigation in Chromium > compact menu labels unavailable panels consistently and Sessions opens its own service [1087.22ms]
(pass) UI-001 actual navigation in Chromium > workspace restoration and history keep each workspace address [817.45ms]
UI001 teardown browser start 1791037552815
UI001 teardown browser done 1791037552885
UI001 teardown HTTP start 1791037552885
UI001 teardown HTTP callback 1791037552885

 12 pass
 0 fail
 181 expect() calls
Ran 12 tests across 1 file. [33.96s]
