bun test v1.3.14 (0d9b296a)

apps/electron/src/main/__tests__/deep-link-parse.test.ts:
(pass) parseDeepLink view routes > accepts rox://home [2.46ms]
(pass) parseDeepLink view routes > accepts rox://tasks [0.04ms]
(pass) parseDeepLink view routes > accepts rox://notes [0.06ms]
(pass) parseDeepLink view routes > accepts rox://meetings [0.02ms]
(pass) parseDeepLink view routes > accepts rox://knowledge [0.01ms]
(pass) parseDeepLink view routes > accepts rox://projects [0.01ms]
(pass) parseDeepLink view routes > accepts rox://pages [0.01ms]
(pass) parseDeepLink view routes > accepts rox://memory
(pass) parseDeepLink view routes > accepts rox://automations [0.01ms]
(pass) parseDeepLink view routes > accepts rox://connections
(pass) parseDeepLink view routes > accepts rox://skills
(pass) parseDeepLink view routes > accepts rox://sources
(pass) parseDeepLink view routes > accepts rox://settings
(pass) parseDeepLink view routes > accepts rox://allSessions [0.01ms]
(pass) parseDeepLink view routes > accepts rox://flagged
(pass) parseDeepLink view routes > accepts rox://archived
(pass) parseDeepLink view routes > accepts rox://board
(pass) parseDeepLink view routes > accepts rox://table
(pass) parseDeepLink view routes > accepts rox://heatmap
(pass) parseDeepLink view routes > keeps nested segments for detail routes [0.06ms]
(pass) parseDeepLink view routes > accepts every shared compound prefix [0.51ms]
(pass) parseDeepLink view routes > supports workspace-targeted view routes [0.28ms]
(pass) parseDeepLink view routes > forwards view queries while retaining separate window and sidebar controls [0.06ms]
(pass) parseDeepLink view routes > still rejects unknown hosts and passes auth callbacks through [0.02ms]
(pass) parseDeepLink view routes > still parses actions [0.43ms]

apps/electron/src/main/__tests__/deep-link-routing.test.ts:
(pass) handleDeepLink routing > delivers the native search query and future parameters through the actual navigation sink [1.48ms]
(pass) handleDeepLink routing > prefers resolved target client over preferred caller client [0.15ms]
(pass) handleDeepLink routing > uses preferred client only when no resolver is provided [0.10ms]
(pass) handleDeepLink routing > falls back to workspace routing when resolver exists but target client is unresolved [0.07ms]
(pass) handleDeepLink routing > routes the Rox deeplink scheme the same as the Craft-era alias [0.09ms]
(pass) ROX protocol compatibility > parses ROX as primary and keeps existing legacy links readable [0.11ms]

 31 pass
 0 fail
 124 expect() calls
Ran 31 tests across 2 files. [159.00ms]
