bun test v1.3.14 (0d9b296a)

apps/electron/src/main/__tests__/deep-link-parse.test.ts:
(pass) parseDeepLink view routes > accepts rox://home [2.35ms]
(pass) parseDeepLink view routes > accepts rox://tasks [0.03ms]
(pass) parseDeepLink view routes > accepts rox://notes [0.05ms]
(pass) parseDeepLink view routes > accepts rox://meetings [0.26ms]
(pass) parseDeepLink view routes > accepts rox://knowledge [0.08ms]
(pass) parseDeepLink view routes > accepts rox://projects [0.02ms]
(pass) parseDeepLink view routes > accepts rox://pages [0.02ms]
(pass) parseDeepLink view routes > accepts rox://memory [0.08ms]
(pass) parseDeepLink view routes > accepts rox://automations [0.03ms]
(pass) parseDeepLink view routes > accepts rox://connections
(pass) parseDeepLink view routes > accepts rox://skills
(pass) parseDeepLink view routes > accepts rox://sources
(pass) parseDeepLink view routes > accepts rox://settings
(pass) parseDeepLink view routes > accepts rox://allSessions [0.02ms]
(pass) parseDeepLink view routes > accepts rox://flagged [0.04ms]
(pass) parseDeepLink view routes > accepts rox://archived [0.05ms]
(pass) parseDeepLink view routes > accepts rox://board [0.06ms]
(pass) parseDeepLink view routes > accepts rox://table
(pass) parseDeepLink view routes > accepts rox://heatmap
(pass) parseDeepLink view routes > keeps nested segments for detail routes [0.09ms]
(pass) parseDeepLink view routes > accepts every shared compound prefix [0.53ms]
(pass) parseDeepLink view routes > supports workspace-targeted view routes [0.06ms]
(pass) parseDeepLink view routes > forwards view queries while retaining separate window and sidebar controls [0.06ms]
(pass) parseDeepLink view routes > still rejects unknown hosts and passes auth callbacks through [0.02ms]
(pass) parseDeepLink view routes > still parses actions [0.07ms]

apps/electron/src/main/__tests__/deep-link-routing.test.ts:
(pass) handleDeepLink routing > delivers the native search query and future parameters through the actual navigation sink [0.61ms]
(pass) handleDeepLink routing > prefers resolved target client over preferred caller client [0.11ms]
(pass) handleDeepLink routing > uses preferred client only when no resolver is provided [0.08ms]
(pass) handleDeepLink routing > falls back to workspace routing when resolver exists but target client is unresolved [0.07ms]
(pass) handleDeepLink routing > routes the Rox deeplink scheme the same as the Craft-era alias [0.08ms]
(pass) ROX protocol compatibility > parses ROX as primary and keeps existing legacy links readable [0.11ms]

 31 pass
 0 fail
 124 expect() calls
Ran 31 tests across 2 files. [890.00ms]
