--prepared:/private/tmp/rox-pocket-mac-package-aa80-20261004/apps/electron/release/mac-arm64/Rox.app/Contents/Frameworks/Mantle.framework/Versions/Current/.
--validated:/private/tmp/rox-pocket-mac-package-aa80-20261004/apps/electron/release/mac-arm64/Rox.app/Contents/Frameworks/Mantle.framework/Versions/Current/.
--prepared:/private/tmp/rox-pocket-mac-package-aa80-20261004/apps/electron/release/mac-arm64/Rox.app/Contents/Frameworks/Rox Helper (GPU).app
--prepared:/private/tmp/rox-pocket-mac-package-aa80-20261004/apps/electron/release/mac-arm64/Rox.app/Contents/Frameworks/Squirrel.framework/Versions/Current/.
--prepared:/private/tmp/rox-pocket-mac-package-aa80-20261004/apps/electron/release/mac-arm64/Rox.app/Contents/Frameworks/ReactiveObjC.framework/Versions/Current/.
--validated:/private/tmp/rox-pocket-mac-package-aa80-20261004/apps/electron/release/mac-arm64/Rox.app/Contents/Frameworks/Rox Helper (GPU).app
--prepared:/private/tmp/rox-pocket-mac-package-aa80-20261004/apps/electron/release/mac-arm64/Rox.app/Contents/Frameworks/Rox Helper (Renderer).app
--validated:/private/tmp/rox-pocket-mac-package-aa80-20261004/apps/electron/release/mac-arm64/Rox.app/Contents/Frameworks/ReactiveObjC.framework/Versions/Current/.
--validated:/private/tmp/rox-pocket-mac-package-aa80-20261004/apps/electron/release/mac-arm64/Rox.app/Contents/Frameworks/Rox Helper (Renderer).app
--validated:/private/tmp/rox-pocket-mac-package-aa80-20261004/apps/electron/release/mac-arm64/Rox.app/Contents/Frameworks/Squirrel.framework/Versions/Current/.
--prepared:/private/tmp/rox-pocket-mac-package-aa80-20261004/apps/electron/release/mac-arm64/Rox.app/Contents/Frameworks/Rox Helper.app
--prepared:/private/tmp/rox-pocket-mac-package-aa80-20261004/apps/electron/release/mac-arm64/Rox.app/Contents/Frameworks/Rox Helper (Plugin).app
--validated:/private/tmp/rox-pocket-mac-package-aa80-20261004/apps/electron/release/mac-arm64/Rox.app/Contents/Frameworks/Rox Helper.app
--validated:/private/tmp/rox-pocket-mac-package-aa80-20261004/apps/electron/release/mac-arm64/Rox.app/Contents/Frameworks/Rox Helper (Plugin).app
--prepared:/private/tmp/rox-pocket-mac-package-aa80-20261004/apps/electron/release/mac-arm64/Rox.app/Contents/Frameworks/Electron Framework.framework/Versions/Current/.
--prepared:/private/tmp/rox-pocket-mac-package-aa80-20261004/apps/electron/release/mac-arm64/Rox.app/Contents/Frameworks/Electron Framework.framework/Versions/Current/Helpers/chrome_crashpad_handler
--validated:/private/tmp/rox-pocket-mac-package-aa80-20261004/apps/electron/release/mac-arm64/Rox.app/Contents/Frameworks/Electron Framework.framework/Versions/Current/Helpers/chrome_crashpad_handler
--validated:/private/tmp/rox-pocket-mac-package-aa80-20261004/apps/electron/release/mac-arm64/Rox.app/Contents/Frameworks/Electron Framework.framework/Versions/Current/.
/tmp/rox-pocket-mac-package-aa80-20261004/apps/electron/release/mac-arm64/Rox.app: valid on disk
/tmp/rox-pocket-mac-package-aa80-20261004/apps/electron/release/mac-arm64/Rox.app: satisfies its Designated Requirement
