bun test v1.3.14 (0d9b296a)

tests/macro-integration/wp-48-native-policy.test.ts:
36 |         typeof configuration.ROX_WORKSPACE_DATABASE_URL !== 'string') throw new Error()
37 |       const url = new URL(configuration.ROX_WORKSPACE_DATABASE_URL)
38 |       if (!['postgres:', 'postgresql:'].includes(url.protocol)) throw new Error()
39 |       return configuration.ROX_WORKSPACE_DATABASE_URL
40 |     } finally { await file.close() }
41 |   } catch { throw new Error('Protected workspace PostgreSQL configuration unavailable') }
                           ^
error: Protected workspace PostgreSQL configuration unavailable
      at loadProtectedWorkspaceDatabaseUrl (/workspace/scratch/d0a9c1c6c094/worktrees/baseline-main/apps/workspace-service/src/auth/postgres-identity.ts:41:23)
      at async fixture (/workspace/scratch/d0a9c1c6c094/worktrees/baseline-main/tests/macro-integration/wp-48-domain.test.ts:27:19)
      at async <anonymous> (/workspace/scratch/d0a9c1c6c094/worktrees/baseline-main/tests/macro-integration/wp-48-native-policy.test.ts:8:19)
(fail) real Resource revoke and policy advancement reconcile fresh readback with exact historical command and event identity [4.26ms]

tests/macro-integration/wp-01-server.test.ts:
36 |         typeof configuration.ROX_WORKSPACE_DATABASE_URL !== 'string') throw new Error()
37 |       const url = new URL(configuration.ROX_WORKSPACE_DATABASE_URL)
38 |       if (!['postgres:', 'postgresql:'].includes(url.protocol)) throw new Error()
39 |       return configuration.ROX_WORKSPACE_DATABASE_URL
40 |     } finally { await file.close() }
41 |   } catch { throw new Error('Protected workspace PostgreSQL configuration unavailable') }
                           ^
error: Protected workspace PostgreSQL configuration unavailable
      at loadProtectedWorkspaceDatabaseUrl (/workspace/scratch/d0a9c1c6c094/worktrees/baseline-main/apps/workspace-service/src/auth/postgres-identity.ts:41:23)
      at async fixture (/workspace/scratch/d0a9c1c6c094/worktrees/baseline-main/tests/macro-integration/wp-01-server.test.ts:43:21)
      at async <anonymous> (/workspace/scratch/d0a9c1c6c094/worktrees/baseline-main/tests/macro-integration/wp-01-server.test.ts:169:21)
(fail) WP-01 actual composed workspace service, PostgreSQL and cryptographic accounts > WS creates a canonical private project that the same HTTP authority reads; B and outsider receive no title [1.17ms]

 0 pass
 26 filtered out
 2 fail
Ran 2 tests across 2 files. [389.00ms]
