bun test v1.3.14 (0d9b296a)

apps/electron/src/shared/__tests__/ipc-channels.test.ts:
(pass) RPC_CHANNELS wire-format stability > contains exactly 807 channel strings [1.54ms]
(pass) RPC_CHANNELS wire-format stability > preserves exact wire-format strings (sorted equality) [0.55ms]
(pass) RPC_CHANNELS wire-format stability > has no duplicate wire-format strings [0.88ms]
(pass) BroadcastEventMap payload shapes > sources:changed carries (workspaceId, sources) [0.06ms]
(pass) BroadcastEventMap payload shapes > sources:indexChanged carries (workspaceId, payload) [0.01ms]
(pass) BroadcastEventMap payload shapes > skills:changed carries (workspaceId, skills)
(pass) BroadcastEventMap payload shapes > contextDocs:CHANGED carries no payload

apps/electron/src/renderer/__tests__/i18n-keys-coverage.test.ts:
(pass) i18n key coverage > finds a meaningful number of literal keys [0.05ms]
(pass) i18n key coverage > every literal t() key exists in en.json [5.11ms]
(pass) i18n key coverage > every literal t() key exists in ru.json [2.29ms]
(pass) i18n interpolation syntax > en.json uses {{var}} interpolation, never {var} [12.49ms]
(pass) i18n interpolation syntax > ru.json uses {{var}} interpolation, never {var} [12.00ms]
(pass) i18n interpolation syntax > ar.json uses {{var}} interpolation, never {var} [12.23ms]
(pass) i18n interpolation syntax > de.json uses {{var}} interpolation, never {var} [7.96ms]
(pass) i18n interpolation syntax > zh-Hant.json uses {{var}} interpolation, never {var} [7.43ms]
(pass) i18n interpolation syntax > hu.json uses {{var}} interpolation, never {var} [8.42ms]
(pass) i18n interpolation syntax > fr.json uses {{var}} interpolation, never {var} [8.06ms]
(pass) i18n interpolation syntax > ko.json uses {{var}} interpolation, never {var} [7.13ms]
(pass) i18n interpolation syntax > zh-Hans.json uses {{var}} interpolation, never {var} [6.65ms]
(pass) i18n interpolation syntax > pl.json uses {{var}} interpolation, never {var} [8.79ms]
(pass) i18n interpolation syntax > ja.json uses {{var}} interpolation, never {var} [7.94ms]
(pass) i18n interpolation syntax > es.json uses {{var}} interpolation, never {var} [11.98ms]

 22 pass
 0 fail
 22 expect() calls
Ran 22 tests across 2 files. [2.00s]
