$ bun test packages/core/src/platform/identity/credential-types.test.ts packages/core/src/platform/identity/import-session.test.ts packages/core/src/platform/identity/import-service.test.ts packages/core/src/platform/identity/p0-adapters.test.ts packages/core/src/platform/identity/broker.test.ts packages/core/src/platform/identity/workgraph.test.ts packages/core/src/platform/identity/revalidation.test.ts packages/core/src/platform/identity/os-discovery-host.test.ts packages/core/src/platform/identity/github-vertical.test.ts packages/core/src/platform/identity/infisical-fabric-provider.test.ts packages/core/src/platform/identity/grants.test.ts packages/shared/src/credentials/__tests__/envelope.test.ts packages/shared/src/credentials/__tests__/secure-storage-recovery.test.ts
bun test v1.3.14 (0d9b296a)

packages/shared/src/credentials/__tests__/secure-storage-recovery.test.ts:
(pass) SecureStorageBackend CF-2 recovery > quarantines a corrupt store instead of deleting the evidence [67.60ms]
(pass) SecureStorageBackend CF-2 recovery > blocks writes after repair_required and does not plant an empty store [14.93ms]
(pass) SecureStorageBackend CF-2 recovery > keeps a last-good backup and restores it [29.31ms]
(pass) SecureStorageBackend CF-2 recovery > does not rewrite the file when a legacy-key store is only read [56.29ms]
(pass) SecureStorageBackend CF-2 recovery > writes a payload-free migration manifest on explicit cutover [63.41ms]

packages/shared/src/credentials/__tests__/envelope.test.ts:
(pass) credential envelope v1 > round-trips a scalar credential payload and records a stable fingerprint [0.54ms]
(pass) credential envelope v1 > fingerprints equivalent payload key order identically [0.07ms]
(pass) credential envelope v1 > rejects mappings and lists where a scalar payload is required [0.07ms]
(pass) credential envelope v1 > fails closed for tampering and malformed envelopes [0.05ms]
(pass) credential envelope v1 > wraps a legacy payload in memory without rewriting it [0.11ms]
(pass) credential envelope v1 > rejects an invalid kind for legacy wrapping [0.01ms]
(pass) credential envelope v1 > rejects empty value and kind-illegal fields [0.12ms]
(pass) credential envelope v1 > rejects unapproved GCP ADC metadata [0.06ms]
(pass) credential envelope v1 > accepts oauth refresh metadata and requires aws access key id [0.16ms]
(pass) credential envelope v1 > does not wrap a bare token string as legacy [0.06ms]

packages/core/src/platform/identity/infisical-fabric-provider.test.ts:
(pass) CF-8 InfisicalFabricProvider > write + inspect exposes hasMaterial without token material [0.73ms]
(pass) CF-8 InfisicalFabricProvider > health fails closed on 401 [0.47ms]
(pass) CF-8 InfisicalFabricProvider > discoverAccount reports connected without leaking the token [0.16ms]
(pass) CF-8 InfisicalFabricProvider > rotate without fetch fails closed; revoke without fetch clears local metadata [0.50ms]
(pass) CF-8 InfisicalFabricProvider > rotate with stub fetch succeeds and still returns no raw secret [0.37ms]
(pass) createInfisicalImporter > discovers locator metadata from env and never returns the token [0.77ms]

packages/core/src/platform/identity/github-vertical.test.ts:
(pass) CF-7 GitHub vertical > importGithubFromEnv commits dotenv candidate without storing the token [2.37ms]
(pass) CF-7 GitHub vertical > importGithubFromEnv accepts injectedToken when no env candidate exists [0.16ms]
(pass) CF-7 GitHub vertical > runGithubVertical sends Authorization Bearer and returns metadata only [2.89ms]
(pass) CF-7 GitHub vertical > denies when AccessGrant is missing [0.43ms]
(pass) CF-7 GitHub vertical > fails closed when GitHub returns 401 [0.40ms]

packages/core/src/platform/identity/revalidation.test.ts:
(pass) CF-5 revoke, closure, revalidate > invalidates leases, audits, and revalidates only the same workspace [3.10ms]
(pass) CF-5 revoke, closure, revalidate > rejects an unknown connection without touching the broker [0.13ms]

packages/core/src/platform/identity/credential-types.test.ts:
(pass) CredentialRefRegistry > creates opaque stable refs and stores metadata only [1.09ms]
(pass) CredentialRefRegistry > keeps the ref identity while replacing provider metadata [0.26ms]
(pass) CredentialRefRegistry > tracks versions as metadata and clears the current version on revoke [0.60ms]
(pass) CredentialRefRegistry > rejects an invalid version status at runtime [0.22ms]
(pass) CredentialRefRegistry > rejects malformed metadata instead of accepting a secret payload [0.24ms]
(pass) CredentialRefRegistry > rejects locator prototype-derived fields before registration or provider replacement [0.14ms]
(pass) CredentialRefRegistry > rejects locator non-enumerable fields before registration or provider replacement [0.14ms]
(pass) CredentialRefRegistry > rejects locator symbol fields before registration or provider replacement [0.09ms]
(pass) CredentialRefRegistry > rejects missing own local.type supplied by an inherited data [0.58ms]
(pass) CredentialRefRegistry > rejects missing own local.type supplied by an inherited getter [0.14ms]
(pass) CredentialRefRegistry > rejects missing own local.key supplied by an inherited data [0.06ms]
(pass) CredentialRefRegistry > rejects missing own local.key supplied by an inherited getter [0.03ms]
(pass) CredentialRefRegistry > rejects missing own keychain.type supplied by an inherited data [0.15ms]
(pass) CredentialRefRegistry > rejects missing own keychain.type supplied by an inherited getter [0.08ms]
(pass) CredentialRefRegistry > rejects missing own keychain.service supplied by an inherited data [0.10ms]
(pass) CredentialRefRegistry > rejects missing own keychain.service supplied by an inherited getter [0.09ms]
(pass) CredentialRefRegistry > rejects missing own keychain.account supplied by an inherited data [0.15ms]
(pass) CredentialRefRegistry > rejects missing own keychain.account supplied by an inherited getter [0.11ms]
(pass) CredentialRefRegistry > rejects missing own dotenv.type supplied by an inherited data [0.20ms]
(pass) CredentialRefRegistry > rejects missing own dotenv.type supplied by an inherited getter [0.12ms]
(pass) CredentialRefRegistry > rejects missing own dotenv.path supplied by an inherited data [0.11ms]
(pass) CredentialRefRegistry > rejects missing own dotenv.path supplied by an inherited getter [0.07ms]
(pass) CredentialRefRegistry > rejects missing own dotenv.key supplied by an inherited data [0.07ms]
(pass) CredentialRefRegistry > rejects missing own dotenv.key supplied by an inherited getter [0.10ms]
(pass) CredentialRefRegistry > rejects missing own git_helper.type supplied by an inherited data [0.11ms]
(pass) CredentialRefRegistry > rejects missing own git_helper.type supplied by an inherited getter [0.09ms]
(pass) CredentialRefRegistry > rejects missing own git_helper.host supplied by an inherited data [0.08ms]
(pass) CredentialRefRegistry > rejects missing own git_helper.host supplied by an inherited getter [0.16ms]
(pass) CredentialRefRegistry > rejects missing own docker_helper.type supplied by an inherited data [0.10ms]
(pass) CredentialRefRegistry > rejects missing own docker_helper.type supplied by an inherited getter [0.07ms]
(pass) CredentialRefRegistry > rejects missing own docker_helper.registry supplied by an inherited data [0.08ms]
(pass) CredentialRefRegistry > rejects missing own docker_helper.registry supplied by an inherited getter [0.07ms]
(pass) CredentialRefRegistry > rejects missing own aws_profile.type supplied by an inherited data [0.08ms]
(pass) CredentialRefRegistry > rejects missing own aws_profile.type supplied by an inherited getter [0.05ms]
(pass) CredentialRefRegistry > rejects missing own aws_profile.profile supplied by an inherited data [0.11ms]
(pass) CredentialRefRegistry > rejects missing own aws_profile.profile supplied by an inherited getter [0.03ms]
(pass) CredentialRefRegistry > rejects missing own gcp_adc.type supplied by an inherited data [0.13ms]
(pass) CredentialRefRegistry > rejects missing own gcp_adc.type supplied by an inherited getter [0.16ms]
(pass) CredentialRefRegistry > rejects missing own gcp_adc.source supplied by an inherited data [0.15ms]
(pass) CredentialRefRegistry > rejects missing own gcp_adc.source supplied by an inherited getter [0.09ms]
(pass) CredentialRefRegistry > rejects missing own ssh_agent.type supplied by an inherited data [0.07ms]
(pass) CredentialRefRegistry > rejects missing own ssh_agent.type supplied by an inherited getter [0.08ms]
(pass) CredentialRefRegistry > rejects missing own ssh_agent.fingerprint supplied by an inherited data [0.11ms]
(pass) CredentialRefRegistry > rejects missing own ssh_agent.fingerprint supplied by an inherited getter [0.04ms]
(pass) CredentialRefRegistry > rejects missing own infisical.type supplied by an inherited data [0.27ms]
(pass) CredentialRefRegistry > rejects missing own infisical.type supplied by an inherited getter [0.10ms]
(pass) CredentialRefRegistry > rejects missing own infisical.projectId supplied by an inherited data [0.14ms]
(pass) CredentialRefRegistry > rejects missing own infisical.projectId supplied by an inherited getter [0.09ms]
(pass) CredentialRefRegistry > rejects missing own infisical.environment supplied by an inherited data [0.10ms]
(pass) CredentialRefRegistry > rejects missing own infisical.environment supplied by an inherited getter [0.09ms]
(pass) CredentialRefRegistry > rejects missing own infisical.secretPath supplied by an inherited data [0.15ms]
(pass) CredentialRefRegistry > rejects missing own infisical.secretPath supplied by an inherited getter [0.07ms]
(pass) CredentialRefRegistry > rejects missing own infisical.secretKey supplied by an inherited data [0.13ms]
(pass) CredentialRefRegistry > rejects missing own infisical.secretKey supplied by an inherited getter [0.07ms]
(pass) CredentialRefRegistry > rejects missing own opaque.type supplied by an inherited data [0.12ms]
(pass) CredentialRefRegistry > rejects missing own opaque.type supplied by an inherited getter [0.05ms]
(pass) CredentialRefRegistry > rejects missing own opaque.provider supplied by an inherited data [0.07ms]
(pass) CredentialRefRegistry > rejects missing own opaque.provider supplied by an inherited getter [0.08ms]
(pass) CredentialRefRegistry > rejects missing own opaque.locator supplied by an inherited data [0.10ms]
(pass) CredentialRefRegistry > rejects missing own opaque.locator supplied by an inherited getter [0.07ms]
(pass) CredentialRefRegistry > rejects own locator type accessors when Object.prototype.value is present [0.50ms]
(pass) CredentialRefRegistry > rejects own locator key accessors when Object.prototype.value is present [0.10ms]
(pass) CredentialRefRegistry > rejects locator type accessors without executing them [0.13ms]
(pass) CredentialRefRegistry > rejects locator key accessors without executing them [0.01ms]
(pass) CredentialRefRegistry > rejects own type accessors when descriptor value is an inherited getter [0.33ms]
(pass) CredentialRefRegistry > rejects own key accessors when descriptor value is an inherited getter [0.63ms]
(pass) CredentialRefRegistry > does not persist rejected inherited locator fields [2.60ms]
(pass) CredentialRefRegistry > skips persisted locators missing their own type without invoking an inherited getter [1.02ms]
(pass) CredentialRefRegistry > skips persisted locators missing their own key without invoking an inherited getter [0.38ms]
(pass) CredentialRefRegistry > accepts enumerable readonly and frozen locator data fields [0.10ms]
(pass) CredentialRefRegistry > keeps frozen local locator data valid despite inherited getters [0.28ms]
(pass) CredentialRefRegistry > keeps frozen keychain locator data valid despite inherited getters [0.03ms]
(pass) CredentialRefRegistry > keeps frozen dotenv locator data valid despite inherited getters [0.04ms]
(pass) CredentialRefRegistry > keeps frozen git_helper locator data valid despite inherited getters [0.04ms]
(pass) CredentialRefRegistry > keeps frozen docker_helper locator data valid despite inherited getters [0.03ms]
(pass) CredentialRefRegistry > keeps frozen aws_profile locator data valid despite inherited getters [0.07ms]
(pass) CredentialRefRegistry > keeps frozen gcp_adc locator data valid despite inherited getters [0.03ms]
(pass) CredentialRefRegistry > keeps frozen ssh_agent locator data valid despite inherited getters [0.05ms]
(pass) CredentialRefRegistry > keeps frozen infisical locator data valid despite inherited getters [0.02ms]
(pass) CredentialRefRegistry > keeps frozen opaque locator data valid despite inherited getters [0.02ms]
(pass) CredentialRefRegistry > rejects locator accessors even when descriptor value is inherited [0.31ms]
(pass) CredentialRefRegistry > keeps disk metadata unchanged after register rejects an inherited locator field [0.53ms]
(pass) CredentialRefRegistry > keeps disk metadata unchanged after updateProvider rejects an inherited locator field [0.61ms]
(pass) CredentialRefRegistry > skips disk locators missing own fields without executing inherited getters [0.36ms]
(pass) CredentialRefRegistry > rejects hidden and nested secret fields at the registry boundary [0.30ms]
(pass) CredentialRefRegistry > rejects a duplicate CredentialRef id and keeps the first record [0.11ms]
(pass) CredentialRefRegistry > rejects register with an orphan currentVersionId [0.13ms]
(pass) CredentialRefRegistry > rejects reviving a revoked version to active [0.13ms]
(pass) CredentialRefRegistry > rejects reviving an invalid version to active [0.14ms]
(pass) CredentialRefRegistry > keeps terminal version statuses irreversible [0.17ms]
(pass) CredentialRefRegistry > makes a reactivated superseded version the sole current active version [0.11ms]
(pass) CredentialRefRegistry > leaves version state unchanged when reactivation cannot read the clock [0.21ms]
(pass) CredentialRefRegistry > rejects a version fingerprint that is not 64 hex characters [0.31ms]
(pass) CredentialRefRegistry > rejects infisical locators with empty projectId or secretKey [0.30ms]
(pass) CredentialRefRegistry > rejects unknown version payload fields [0.21ms]
(pass) CredentialRefRegistry > generates browser-safe cred UUID identifiers [0.05ms]
(pass) CredentialRefRegistry > returns clones instead of mutable registry state [0.04ms]
(pass) CredentialRefRegistry > accepts P0 locators and still rejects unknown locator types [0.26ms]
(pass) CredentialRefRegistry > rejects an expiry before creation [0.14ms]
(pass) CredentialRefRegistry > does not silently replace the current version with an older active version [0.18ms]
(pass) CredentialRefRegistry > keeps ref timestamps monotonic by clamping instead of blocking revocation [0.10ms]
(pass) CredentialRefRegistry > revokes a version whose createdAt is far in the future [0.09ms]
(pass) CredentialRefRegistry > moves ref updatedAt forward only when provider metadata changes [0.06ms]
(pass) CredentialRefRegistry > does not let an untrimmed id overwrite an existing version [0.22ms]
(pass) CredentialRefRegistry > treats credential ref ids as case-sensitive [0.06ms]
(pass) CredentialRefRegistry > bounds caller-controlled text interpolated into errors [0.76ms]
(pass) CredentialRefRegistry > lists versions deterministically by creation time and id [0.16ms]
(pass) credential locator own-data boundary > rejects local.type inherited data across registry boundaries [1.48ms]
(pass) credential locator own-data boundary > rejects local.type inherited getter across registry boundaries [0.72ms]
(pass) credential locator own-data boundary > rejects local.key inherited data across registry boundaries [0.78ms]
(pass) credential locator own-data boundary > rejects local.key inherited getter across registry boundaries [0.99ms]
(pass) credential locator own-data boundary > preserves frozen local data through registration, replacement and restart [1.62ms]
(pass) credential locator own-data boundary > rejects keychain.type inherited data across registry boundaries [0.83ms]
(pass) credential locator own-data boundary > rejects keychain.type inherited getter across registry boundaries [0.85ms]
(pass) credential locator own-data boundary > rejects keychain.service inherited data across registry boundaries [1.02ms]
(pass) credential locator own-data boundary > rejects keychain.service inherited getter across registry boundaries [0.82ms]
(pass) credential locator own-data boundary > rejects keychain.account inherited data across registry boundaries [0.96ms]
(pass) credential locator own-data boundary > rejects keychain.account inherited getter across registry boundaries [0.79ms]
(pass) credential locator own-data boundary > preserves frozen keychain data through registration, replacement and restart [1.11ms]
(pass) credential locator own-data boundary > rejects dotenv.type inherited data across registry boundaries [0.74ms]
(pass) credential locator own-data boundary > rejects dotenv.type inherited getter across registry boundaries [0.97ms]
(pass) credential locator own-data boundary > rejects dotenv.path inherited data across registry boundaries [0.81ms]
(pass) credential locator own-data boundary > rejects dotenv.path inherited getter across registry boundaries [0.77ms]
(pass) credential locator own-data boundary > rejects dotenv.key inherited data across registry boundaries [0.64ms]
(pass) credential locator own-data boundary > rejects dotenv.key inherited getter across registry boundaries [0.76ms]
(pass) credential locator own-data boundary > preserves frozen dotenv data through registration, replacement and restart [1.19ms]
(pass) credential locator own-data boundary > rejects git_helper.type inherited data across registry boundaries [0.83ms]
(pass) credential locator own-data boundary > rejects git_helper.type inherited getter across registry boundaries [0.85ms]
(pass) credential locator own-data boundary > rejects git_helper.host inherited data across registry boundaries [0.86ms]
(pass) credential locator own-data boundary > rejects git_helper.host inherited getter across registry boundaries [0.82ms]
(pass) credential locator own-data boundary > preserves frozen git_helper data through registration, replacement and restart [0.97ms]
(pass) credential locator own-data boundary > rejects docker_helper.type inherited data across registry boundaries [0.68ms]
(pass) credential locator own-data boundary > rejects docker_helper.type inherited getter across registry boundaries [0.80ms]
(pass) credential locator own-data boundary > rejects docker_helper.registry inherited data across registry boundaries [0.70ms]
(pass) credential locator own-data boundary > rejects docker_helper.registry inherited getter across registry boundaries [0.63ms]
(pass) credential locator own-data boundary > preserves frozen docker_helper data through registration, replacement and restart [0.99ms]
(pass) credential locator own-data boundary > rejects aws_profile.type inherited data across registry boundaries [0.79ms]
(pass) credential locator own-data boundary > rejects aws_profile.type inherited getter across registry boundaries [0.67ms]
(pass) credential locator own-data boundary > rejects aws_profile.profile inherited data across registry boundaries [0.95ms]
(pass) credential locator own-data boundary > rejects aws_profile.profile inherited getter across registry boundaries [0.64ms]
(pass) credential locator own-data boundary > preserves frozen aws_profile data through registration, replacement and restart [0.96ms]
(pass) credential locator own-data boundary > rejects gcp_adc.type inherited data across registry boundaries [0.61ms]
(pass) credential locator own-data boundary > rejects gcp_adc.type inherited getter across registry boundaries [0.75ms]
(pass) credential locator own-data boundary > rejects gcp_adc.source inherited data across registry boundaries [0.75ms]
(pass) credential locator own-data boundary > rejects gcp_adc.source inherited getter across registry boundaries [0.64ms]
(pass) credential locator own-data boundary > preserves frozen gcp_adc data through registration, replacement and restart [0.89ms]
(pass) credential locator own-data boundary > rejects ssh_agent.type inherited data across registry boundaries [0.60ms]
(pass) credential locator own-data boundary > rejects ssh_agent.type inherited getter across registry boundaries [0.61ms]
(pass) credential locator own-data boundary > rejects ssh_agent.fingerprint inherited data across registry boundaries [0.67ms]
(pass) credential locator own-data boundary > rejects ssh_agent.fingerprint inherited getter across registry boundaries [0.77ms]
(pass) credential locator own-data boundary > preserves frozen ssh_agent data through registration, replacement and restart [1.06ms]
(pass) credential locator own-data boundary > rejects infisical.type inherited data across registry boundaries [0.68ms]
(pass) credential locator own-data boundary > rejects infisical.type inherited getter across registry boundaries [0.67ms]
(pass) credential locator own-data boundary > rejects infisical.projectId inherited data across registry boundaries [0.48ms]
(pass) credential locator own-data boundary > rejects infisical.projectId inherited getter across registry boundaries [0.52ms]
(pass) credential locator own-data boundary > rejects infisical.environment inherited data across registry boundaries [0.65ms]
(pass) credential locator own-data boundary > rejects infisical.environment inherited getter across registry boundaries [0.71ms]
(pass) credential locator own-data boundary > rejects infisical.secretPath inherited data across registry boundaries [0.62ms]
(pass) credential locator own-data boundary > rejects infisical.secretPath inherited getter across registry boundaries [0.40ms]
(pass) credential locator own-data boundary > rejects infisical.secretKey inherited data across registry boundaries [0.55ms]
(pass) credential locator own-data boundary > rejects infisical.secretKey inherited getter across registry boundaries [0.60ms]
(pass) credential locator own-data boundary > preserves frozen infisical data through registration, replacement and restart [0.83ms]
(pass) credential locator own-data boundary > rejects opaque.type inherited data across registry boundaries [0.57ms]
(pass) credential locator own-data boundary > rejects opaque.type inherited getter across registry boundaries [0.58ms]
(pass) credential locator own-data boundary > rejects opaque.provider inherited data across registry boundaries [0.72ms]
(pass) credential locator own-data boundary > rejects opaque.provider inherited getter across registry boundaries [0.74ms]
(pass) credential locator own-data boundary > rejects opaque.locator inherited data across registry boundaries [0.48ms]
(pass) credential locator own-data boundary > rejects opaque.locator inherited getter across registry boundaries [0.57ms]
(pass) credential locator own-data boundary > preserves frozen opaque data through registration, replacement and restart [1.08ms]
(pass) credential locator own-data boundary > rejects an own accessor even when its descriptor inherits value [0.39ms]
(pass) credential locator own-data boundary > normalizes own data without ordinary locator property reads [0.27ms]

packages/core/src/platform/identity/workgraph.test.ts:
(pass) CF-5 ConnectionWorkGraph > creates a metadata-only connection and rejects secret fields [1.05ms]
(pass) CF-5 ConnectionWorkGraph > binds consumers and closes over one workspace only [0.37ms]
(pass) CF-5 ConnectionWorkGraph > appends an immutable metadata-only audit ledger with readable fields [0.66ms]
(pass) CF-5 ConnectionWorkGraph > rolls back a failed transaction [0.52ms]
(pass) CF-5 ConnectionWorkGraph persistence > persists connections, bindings, and audit then reloads [2.58ms]
(pass) CF-5 ConnectionWorkGraph persistence > rolls back persisted files when a transaction fails [1.46ms]
(pass) CF-5 ConnectionWorkGraph persistence > keeps workspace isolation across reload [1.82ms]

packages/core/src/platform/identity/import-session.test.ts:
(pass) ImportSession > walks discover → access → preview → validate → commit [0.37ms]
(pass) ImportSession > denies preview before OS/provider access [0.14ms]
(pass) ImportSession > denies access from the access_requested phase [0.12ms]
(pass) ImportSession > rejects unknown candidates and illegal transitions [0.10ms]
(pass) ImportSession > fails closed on a different fingerprint without an explicit decision [0.10ms]
(pass) ImportSession > keeps same-fingerprint conflicts and explicit decisions open [0.11ms]
(pass) ImportSession > returns clones so callers cannot mutate session state [0.06ms]

packages/core/src/platform/identity/grants.test.ts:
(pass) JsonAccessGrantStore > lists grants for a consumer within one workspace [0.39ms]
(pass) JsonAccessGrantStore > lists all grants without a workspace filter [0.17ms]
(pass) JsonAccessGrantStore > lists all grants filtered by workspace [0.15ms]
(pass) JsonAccessGrantStore persistence > persists grants as JSON and reloads them [1.04ms]
(pass) JsonAccessGrantStore persistence > keeps workspace isolation after reload [0.76ms]

packages/core/src/platform/identity/import-service.test.ts:
(pass) ImportService > denies renderer, remote, and headless before importer dispatch [0.69ms]
(pass) ImportService > commits a copy import on main and stores metadata only [2.87ms]
(pass) ImportService > reuses an existing same-fingerprint reference [0.65ms]
(pass) ImportService > fails closed on a different fingerprint [0.56ms]
(pass) ImportService > rolls back when the provider write fails [0.94ms]

packages/core/src/platform/identity/p0-adapters.test.ts:
(pass) P0 discovery parsers > extracts dotenv keys without values or shell expansion [0.46ms]
(pass) P0 discovery parsers > parses git helpers from config text only [0.32ms]
(pass) P0 discovery parsers > parses docker credsStore and per-registry helpers [0.43ms]
(pass) P0 discovery parsers > parses named AWS profiles without inventing a default section [0.40ms]
(pass) P0 discovery parsers > redacts ADC JSON so private_key never appears [0.06ms]
(pass) P0 discovery parsers > builds stable metadata fingerprints [0.16ms]
(pass) P0 importers > discovers metadata-only candidates for every P0 source [2.73ms]
(pass) P0 importers > masks preview and never returns helper or env values [0.28ms]
(pass) P0 importers > rejects dotenv traversal and ssh copy mode [0.41ms]
(pass) P0 importers > commits copy material as a sealed handle and rolls it back [0.83ms]
(pass) P0 importers > round-trips sealed secrets without exposing plaintext on the handle brand alone [0.04ms]

packages/core/src/platform/identity/os-discovery-host.test.ts:
(pass) createOsDiscoveryHost > lists dotenv files from cwd and home without traversal [14.51ms]
(pass) createOsDiscoveryHost > reads git/docker/aws config text from the fixture home only [4.30ms]
(pass) createOsDiscoveryHost > returns GCP ADC metadata without private_key [3.17ms]
(pass) createOsDiscoveryHost > prefers GOOGLE_APPLICATION_CREDENTIALS when set [2.46ms]
(pass) createOsDiscoveryHost > fail-softs ssh identities without SSH_AUTH_SOCK [10.44ms]
(pass) createOsDiscoveryHost > returns empty keychain unless items are injected [2.05ms]
(pass) createOsDiscoveryHost > approveCopy seals dotenv values and never leaks them via inspect/preview [7.49ms]
(pass) createOsDiscoveryHost > fail-softs missing home config files [1.95ms]

packages/core/src/platform/identity/broker.test.ts:
(pass) InProcessCredentialBroker > denies by default when no grant exists [0.77ms]
(pass) InProcessCredentialBroker > denies wrong workspace, action, or resource even with a grant [0.45ms]
(pass) InProcessCredentialBroker > issues a metadata-only lease and never returns payload [0.39ms]
(pass) InProcessCredentialBroker > rejects env-legacy unless the consumer declares it [0.50ms]
(pass) InProcessCredentialBroker > revokes an active lease so a later acquire cannot reuse it [0.33ms]
(pass) InProcessCredentialBroker > executeTrustedHttp injects Authorization from sealed copy and never returns the secret [0.58ms]
(pass) InProcessCredentialBroker > executeTrustedHttp denies a revoked lease before fetch [0.72ms]

 249 pass
 0 fail
 1917 expect() calls
Ran 249 tests across 13 files. [673.00ms]
