bun test v1.3.14 (0d9b296a)

apps/electron/src/main/__tests__/pocket-account-store.test.ts:
(pass) Pocket OS protected vault > uses injected OS encryption on darwin and restores caller/account scope [14.59ms]
(pass) Pocket OS protected vault > uses injected OS encryption on win32 and restores caller/account scope [17.35ms]
(pass) Pocket OS protected vault > fails closed without OS encryption and on unsupported headless Linux [0.73ms]
(pass) Pocket OS protected vault > rejects a substituted vault directory [0.71ms]

packages/shared/src/auth/__tests__/rox-account-authority.test.ts:
(pass) Pocket host account authority > does not share native/local account credentials and never projects tokens/key [56.43ms]
(pass) Pocket host account authority > keeps zero balance authenticated and ready but rejects paid dispatch [10.01ms]
(pass) Pocket host account authority > fences old executor and durable session/automation bindings on account switch [1.14ms]
(pass) Pocket host account authority > restores exact owned resources after restart without ambient fallback [1.37ms]
(pass) Pocket host account authority > persists refresh operation proof before dispatch, retries same id after dropped response [1.81ms]
(pass) Pocket host account authority > refreshes expired access and durably clears pending proof before inference without a UI poll [0.37ms]
(pass) Pocket host account authority > ignores a late bootstrap response after logout and removes persisted secrets [470.43ms]
(pass) Pocket host account authority > recovers an in-flight rotated refresh before logout revokes the device [139.94ms]
(pass) Pocket host account authority > fences a running executor when account key generation changes [62.10ms]
(pass) Pocket host account authority > invalidates the running executor when the active key is revoked [1.05ms]
(pass) Pocket host account authority > keeps failed device revocation sealed for retry after process restart [0.35ms]

 15 pass
 0 fail
 68 expect() calls
Ran 15 tests across 2 files. [5.57s]
