bun test v1.3.14 (0d9b296a)

packages/server-core/src/sessions/pocket-session-resource-owner.test.ts:
(pass) actual SessionManager rejects foreign concurrent and title owners, freezes queue and fences restored bindings [887.04ms]

packages/server-core/src/sessions/pocket-helper-owner.test.ts:
(pass) actual draft helper selects the RPC caller before backend creation and rejects stale callers before query [874.19ms]

apps/electron/src/main/__tests__/pocket-account-store.test.ts:
(pass) Pocket OS protected vault > uses injected OS encryption on darwin and restores caller/account scope [4.34ms]
(pass) Pocket OS protected vault > uses injected OS encryption on win32 and restores caller/account scope [2.07ms]
(pass) Pocket OS protected vault > fails closed without OS encryption and on unsupported headless Linux [0.49ms]
(pass) Pocket OS protected vault > rejects a substituted vault directory [0.31ms]

packages/shared/src/auth/__tests__/rox-pocket-client.test.ts:
(pass) Pocket v2 proof client > uses S256 proof and operation id exclusively in main requests [0.97ms]
(pass) Pocket v2 proof client > rejects foreign broker redirect and malformed token envelopes [0.65ms]
(pass) Pocket v2 proof client > cancels a late approval even when HTTP transport ignores its abort [0.28ms]
(pass) Pocket v2 proof client > rejects foreign-account credential and a redirected inference base [0.62ms]
(pass) Pocket v2 proof client > projects account snapshot without credential canaries even if the server sends accidental extra fields [1.58ms]
(pass) Pocket v2 proof client > reuses the same redemption proof after a dropped approved response [2002.33ms]

packages/shared/src/auth/__tests__/rox-account-authority.test.ts:
(pass) Pocket host account authority > does not share native/local account credentials and never projects tokens/key [4.55ms]
(pass) Pocket host account authority > keeps zero balance authenticated and ready but rejects paid dispatch [0.58ms]
(pass) Pocket host account authority > fences old executor and durable session/automation bindings on account switch [1.47ms]
(pass) Pocket host account authority > restores exact owned resources after restart without ambient fallback [0.34ms]
(pass) Pocket host account authority > persists refresh operation proof before dispatch, retries same id after dropped response [0.48ms]
(pass) Pocket host account authority > refreshes expired access and durably clears pending proof before inference without a UI poll [0.34ms]
(pass) Pocket host account authority > ignores a late bootstrap response after logout and removes persisted secrets [3.05ms]
(pass) Pocket host account authority > uses sealed prior access proof to revoke a device after an in-flight refresh rotation [3.58ms]
(pass) Pocket host account authority > fences a running executor when account key generation changes [0.74ms]
(pass) Pocket host account authority > invalidates the running executor when the active key is revoked [0.86ms]
(pass) Pocket host account authority > keeps failed device revocation sealed for retry after process restart [0.52ms]
(pass) Pocket host account authority > revokes via logout-only prior access proof without an expired refresh replay [0.50ms]
(pass) Pocket host account authority > fences crash-window active records and drains logout on ordinary restart state reads [0.33ms]
(pass) Pocket host account authority > keeps a pending logout fail-closed across clear failure and broker outage restarts [0.72ms]
(pass) Pocket host account authority > serializes first session owner claims and preserves caller binding across restart [1.35ms]
(pass) Pocket host account authority > restores sealed queued-message owners only for their exact execution generation [0.46ms]

packages/shared/src/agent/__tests__/omp-model-account-domain.test.ts:
(pass) actual OmpAgent respawns in both credential/catalog directions and preserves each domain key [1414.50ms]
(pass) actual in-flight credential-domain switch retires old child and ignores its delayed stream [1028.71ms]
(pass) credential-domain switch during asynchronous native preparation never spawns its obsolete profile [520.01ms]

packages/server-core/src/handlers/rpc/__tests__/pocket-core-registry.test.ts:
(pass) actual registerCoreRpcHandlers serves Connect/bootstrap/logout over authenticated local RPC [1647.65ms]

 32 pass
 0 fail
 163 expect() calls
Ran 32 tests across 7 files. [9.27s]
