✘ [ERROR] No loader is configured for ".woff2" files: ../../rox-one/node_modules/katex/dist/fonts/KaTeX_Caligraphic-Bold.woff2

    ../../rox-one/node_modules/katex/dist/katex.min.css:1:340:
      1 │ ...ight:700;src:url(fonts/KaTeX_Caligraphic-Bold.woff2) format("wof...
        ╵                 ~~~~~~~~~~~~~~~~~~~~~~~~~~~~~~~~~~~~~~~

✘ [ERROR] No loader is configured for ".woff" files: ../../rox-one/node_modules/katex/dist/fonts/KaTeX_Caligraphic-Regular.woff

    ../../rox-one/node_modules/katex/dist/katex.min.css:1:664:
      1 │ ...at("woff2"),url(fonts/KaTeX_Caligraphic-Regular.woff) format("wo...
        ╵                ~~~~~~~~~~~~~~~~~~~~~~~~~~~~~~~~~~~~~~~~~

✘ [ERROR] No loader is configured for ".woff2" files: ../../rox-one/node_modules/katex/dist/fonts/KaTeX_Caligraphic-Regular.woff2

    ../../rox-one/node_modules/katex/dist/katex.min.css:1:605:
      1 │ ...ht:400;src:url(fonts/KaTeX_Caligraphic-Regular.woff2) format("wo...
        ╵               ~~~~~~~~~~~~~~~~~~~~~~~~~~~~~~~~~~~~~~~~~~

✘ [ERROR] No loader is configured for ".woff" files: ../../rox-one/node_modules/katex/dist/fonts/KaTeX_Caligraphic-Bold.woff

    ../../rox-one/node_modules/katex/dist/katex.min.css:1:396:
      1 │ ...mat("woff2"),url(fonts/KaTeX_Caligraphic-Bold.woff) format("woff...
        ╵                 ~~~~~~~~~~~~~~~~~~~~~~~~~~~~~~~~~~~~~~

✘ [ERROR] No loader is configured for ".ttf" files: ../../rox-one/node_modules/katex/dist/fonts/KaTeX_Caligraphic-Bold.ttf

    ../../rox-one/node_modules/katex/dist/katex.min.css:1:450:
      1 │ ...ormat("woff"),url(fonts/KaTeX_Caligraphic-Bold.ttf) format("true...
        ╵                  ~~~~~~~~~~~~~~~~~~~~~~~~~~~~~~~~~~~~~

✘ [ERROR] No loader is configured for ".ttf" files: ../../rox-one/node_modules/katex/dist/fonts/KaTeX_Caligraphic-Regular.ttf

    ../../rox-one/node_modules/katex/dist/katex.min.css:1:721:
      1 │ ...mat("woff"),url(fonts/KaTeX_Caligraphic-Regular.ttf) format("tru...
        ╵                ~~~~~~~~~~~~~~~~~~~~~~~~~~~~~~~~~~~~~~~~

✘ [ERROR] No loader is configured for ".woff" files: ../../rox-one/node_modules/katex/dist/fonts/KaTeX_AMS-Regular.woff

    ../../rox-one/node_modules/katex/dist/katex.min.css:1:141:
      1 │ ...format("woff2"),url(fonts/KaTeX_AMS-Regular.woff) format("woff")...
        ╵                    ~~~~~~~~~~~~~~~~~~~~~~~~~~~~~~~~~

✘ [ERROR] No loader is configured for ".ttf" files: ../../rox-one/node_modules/katex/dist/fonts/KaTeX_Fraktur-Regular.ttf

    ../../rox-one/node_modules/katex/dist/katex.min.css:1:1232:
      1 │ ...ormat("woff"),url(fonts/KaTeX_Fraktur-Regular.ttf) format("truet...
        ╵                  ~~~~~~~~~~~~~~~~~~~~~~~~~~~~~~~~~~~~

✘ [ERROR] No loader is configured for ".woff2" files: ../../rox-one/node_modules/katex/dist/fonts/KaTeX_Fraktur-Bold.woff2

    ../../rox-one/node_modules/katex/dist/katex.min.css:1:875:
      1 │ ...weight:700;src:url(fonts/KaTeX_Fraktur-Bold.woff2) format("woff2...
        ╵                   ~~~~~~~~~~~~~~~~~~~~~~~~~~~~~~~~~~~

✘ [ERROR] No loader is configured for ".woff" files: ../../rox-one/node_modules/katex/dist/fonts/KaTeX_Fraktur-Regular.woff

    ../../rox-one/node_modules/katex/dist/katex.min.css:1:1179:
      1 │ ...rmat("woff2"),url(fonts/KaTeX_Fraktur-Regular.woff) format("woff...
        ╵                  ~~~~~~~~~~~~~~~~~~~~~~~~~~~~~~~~~~~~~

✘ [ERROR] No loader is configured for ".woff2" files: ../../rox-one/node_modules/katex/dist/fonts/KaTeX_Main-Bold.woff2

    ../../rox-one/node_modules/katex/dist/katex.min.css:1:1379:
      1 │ ...-weight:700;src:url(fonts/KaTeX_Main-Bold.woff2) format("woff2")...
        ╵                    ~~~~~~~~~~~~~~~~~~~~~~~~~~~~~~~~

✘ [ERROR] No loader is configured for ".woff" files: ../../rox-one/node_modules/katex/dist/fonts/KaTeX_Main-Italic.woff

    ../../rox-one/node_modules/katex/dist/katex.min.css:1:1922:
      1 │ ...format("woff2"),url(fonts/KaTeX_Main-Italic.woff) format("woff")...
        ╵                    ~~~~~~~~~~~~~~~~~~~~~~~~~~~~~~~~~

✘ [ERROR] No loader is configured for ".ttf" files: ../../rox-one/node_modules/katex/dist/fonts/KaTeX_Fraktur-Bold.ttf

    ../../rox-one/node_modules/katex/dist/katex.min.css:1:977:
      1 │ ... format("woff"),url(fonts/KaTeX_Fraktur-Bold.ttf) format("truety...
        ╵                    ~~~~~~~~~~~~~~~~~~~~~~~~~~~~~~~~~

✘ [ERROR] No loader is configured for ".woff" files: ../../rox-one/node_modules/katex/dist/fonts/KaTeX_Fraktur-Bold.woff

    ../../rox-one/node_modules/katex/dist/katex.min.css:1:927:
      1 │ ...ormat("woff2"),url(fonts/KaTeX_Fraktur-Bold.woff) format("woff")...
        ╵                   ~~~~~~~~~~~~~~~~~~~~~~~~~~~~~~~~~~

✘ [ERROR] No loader is configured for ".woff2" files: ../../rox-one/node_modules/katex/dist/fonts/KaTeX_Fraktur-Regular.woff2

    ../../rox-one/node_modules/katex/dist/katex.min.css:1:1124:
      1 │ ...ight:400;src:url(fonts/KaTeX_Fraktur-Regular.woff2) format("woff...
        ╵                 ~~~~~~~~~~~~~~~~~~~~~~~~~~~~~~~~~~~~~~

✘ [ERROR] No loader is configured for ".woff2" files: ../../rox-one/node_modules/katex/dist/fonts/KaTeX_AMS-Regular.woff2

    ../../rox-one/node_modules/katex/dist/katex.min.css:1:90:
      1 │ ...weight:400;src:url(fonts/KaTeX_AMS-Regular.woff2) format("woff2"...
        ╵                   ~~~~~~~~~~~~~~~~~~~~~~~~~~~~~~~~~~

✘ [ERROR] No loader is configured for ".woff" files: ../../rox-one/node_modules/katex/dist/fonts/KaTeX_Main-Bold.woff

    ../../rox-one/node_modules/katex/dist/katex.min.css:1:1428:
      1 │ ... format("woff2"),url(fonts/KaTeX_Main-Bold.woff) format("woff"),...
        ╵                     ~~~~~~~~~~~~~~~~~~~~~~~~~~~~~~~

✘ [ERROR] No loader is configured for ".woff" files: ../../rox-one/node_modules/katex/dist/fonts/KaTeX_Main-BoldItalic.woff

    ../../rox-one/node_modules/katex/dist/katex.min.css:1:1671:
      1 │ ...rmat("woff2"),url(fonts/KaTeX_Main-BoldItalic.woff) format("woff...
        ╵                  ~~~~~~~~~~~~~~~~~~~~~~~~~~~~~~~~~~~~~

✘ [ERROR] No loader is configured for ".woff2" files: ../../rox-one/node_modules/katex/dist/fonts/KaTeX_Main-BoldItalic.woff2

    ../../rox-one/node_modules/katex/dist/katex.min.css:1:1616:
      1 │ ...ight:700;src:url(fonts/KaTeX_Main-BoldItalic.woff2) format("woff...
        ╵                 ~~~~~~~~~~~~~~~~~~~~~~~~~~~~~~~~~~~~~~

✘ [ERROR] No loader is configured for ".ttf" files: ../../rox-one/node_modules/katex/dist/fonts/KaTeX_AMS-Regular.ttf

    ../../rox-one/node_modules/katex/dist/katex.min.css:1:190:
      1 │ ... format("woff"),url(fonts/KaTeX_AMS-Regular.ttf) format("truetyp...
        ╵                    ~~~~~~~~~~~~~~~~~~~~~~~~~~~~~~~~

✘ [ERROR] No loader is configured for ".ttf" files: ../../rox-one/node_modules/katex/dist/fonts/KaTeX_Main-BoldItalic.ttf

    ../../rox-one/node_modules/katex/dist/katex.min.css:1:1724:
      1 │ ...ormat("woff"),url(fonts/KaTeX_Main-BoldItalic.ttf) format("truet...
        ╵                  ~~~~~~~~~~~~~~~~~~~~~~~~~~~~~~~~~~~~

✘ [ERROR] No loader is configured for ".ttf" files: ../../rox-one/node_modules/katex/dist/fonts/KaTeX_Main-Bold.ttf

    ../../rox-one/node_modules/katex/dist/katex.min.css:1:1475:
      1 │ ...) format("woff"),url(fonts/KaTeX_Main-Bold.ttf) format("truetype...
        ╵                     ~~~~~~~~~~~~~~~~~~~~~~~~~~~~~~

✘ [ERROR] No loader is configured for ".ttf" files: ../../rox-one/node_modules/katex/dist/fonts/KaTeX_Main-Italic.ttf

    ../../rox-one/node_modules/katex/dist/katex.min.css:1:1971:
      1 │ ... format("woff"),url(fonts/KaTeX_Main-Italic.ttf) format("truetyp...
        ╵                    ~~~~~~~~~~~~~~~~~~~~~~~~~~~~~~~~

✘ [ERROR] No loader is configured for ".woff" files: ../../rox-one/node_modules/katex/dist/fonts/KaTeX_Math-Italic.woff

    ../../rox-one/node_modules/katex/dist/katex.min.css:1:2666:
      1 │ ...format("woff2"),url(fonts/KaTeX_Math-Italic.woff) format("woff")...
        ╵                    ~~~~~~~~~~~~~~~~~~~~~~~~~~~~~~~~~

✘ [ERROR] No loader is configured for ".woff2" files: ../../rox-one/node_modules/katex/dist/fonts/KaTeX_Size2-Regular.woff2

    ../../rox-one/node_modules/katex/dist/katex.min.css:1:4155:
      1 │ ...eight:400;src:url(fonts/KaTeX_Size2-Regular.woff2) format("woff2...
        ╵                  ~~~~~~~~~~~~~~~~~~~~~~~~~~~~~~~~~~~~

✘ [ERROR] No loader is configured for ".woff2" files: ../../rox-one/node_modules/katex/dist/fonts/KaTeX_Size4-Regular.woff2

    ../../rox-one/node_modules/katex/dist/katex.min.css:1:4655:
      1 │ ...eight:400;src:url(fonts/KaTeX_Size4-Regular.woff2) format("woff2...
        ╵                  ~~~~~~~~~~~~~~~~~~~~~~~~~~~~~~~~~~~~

✘ [ERROR] No loader is configured for ".ttf" files: ../../rox-one/node_modules/katex/dist/fonts/KaTeX_Math-Italic.ttf

    ../../rox-one/node_modules/katex/dist/katex.min.css:1:2715:
      1 │ ... format("woff"),url(fonts/KaTeX_Math-Italic.ttf) format("truetyp...
        ╵                    ~~~~~~~~~~~~~~~~~~~~~~~~~~~~~~~~

✘ [ERROR] No loader is configured for ".woff" files: ../../rox-one/node_modules/katex/dist/fonts/KaTeX_Size2-Regular.woff

    ../../rox-one/node_modules/katex/dist/katex.min.css:1:4208:
      1 │ ...ormat("woff2"),url(fonts/KaTeX_Size2-Regular.woff) format("woff"...
        ╵                   ~~~~~~~~~~~~~~~~~~~~~~~~~~~~~~~~~~~

✘ [ERROR] No loader is configured for ".woff2" files: ../../rox-one/node_modules/katex/dist/fonts/KaTeX_Main-Italic.woff2

    ../../rox-one/node_modules/katex/dist/katex.min.css:1:1871:
      1 │ ...weight:400;src:url(fonts/KaTeX_Main-Italic.woff2) format("woff2"...
        ╵                   ~~~~~~~~~~~~~~~~~~~~~~~~~~~~~~~~~~

✘ [ERROR] No loader is configured for ".woff2" files: ../../rox-one/node_modules/katex/dist/fonts/KaTeX_Main-Regular.woff2

    ../../rox-one/node_modules/katex/dist/katex.min.css:1:2114:
      1 │ ...weight:400;src:url(fonts/KaTeX_Main-Regular.woff2) format("woff2...
        ╵                   ~~~~~~~~~~~~~~~~~~~~~~~~~~~~~~~~~~~

✘ [ERROR] No loader is configured for ".woff" files: ../../rox-one/node_modules/katex/dist/fonts/KaTeX_Size4-Regular.woff

    ../../rox-one/node_modules/katex/dist/katex.min.css:1:4708:
      1 │ ...ormat("woff2"),url(fonts/KaTeX_Size4-Regular.woff) format("woff"...
        ╵                   ~~~~~~~~~~~~~~~~~~~~~~~~~~~~~~~~~~~

✘ [ERROR] No loader is configured for ".ttf" files: ../../rox-one/node_modules/katex/dist/fonts/KaTeX_Math-BoldItalic.ttf

    ../../rox-one/node_modules/katex/dist/katex.min.css:1:2468:
      1 │ ...ormat("woff"),url(fonts/KaTeX_Math-BoldItalic.ttf) format("truet...
        ╵                  ~~~~~~~~~~~~~~~~~~~~~~~~~~~~~~~~~~~~

✘ [ERROR] No loader is configured for ".woff" files: ../../rox-one/node_modules/katex/dist/fonts/KaTeX_Math-BoldItalic.woff

    ../../rox-one/node_modules/katex/dist/katex.min.css:1:2415:
      1 │ ...rmat("woff2"),url(fonts/KaTeX_Math-BoldItalic.woff) format("woff...
        ╵                  ~~~~~~~~~~~~~~~~~~~~~~~~~~~~~~~~~~~~~

✘ [ERROR] No loader is configured for ".woff2" files: ../../rox-one/node_modules/katex/dist/fonts/KaTeX_SansSerif-Regular.woff2

    ../../rox-one/node_modules/katex/dist/katex.min.css:1:3389:
      1 │ ...ght:400;src:url(fonts/KaTeX_SansSerif-Regular.woff2) format("wof...
        ╵                ~~~~~~~~~~~~~~~~~~~~~~~~~~~~~~~~~~~~~~~~

✘ [ERROR] No loader is configured for ".woff" files: ../../rox-one/node_modules/katex/dist/fonts/KaTeX_SansSerif-Bold.woff

    ../../rox-one/node_modules/katex/dist/katex.min.css:1:2919:
      1 │ ...rmat("woff2"),url(fonts/KaTeX_SansSerif-Bold.woff) format("woff"...
        ╵                  ~~~~~~~~~~~~~~~~~~~~~~~~~~~~~~~~~~~~

✘ [ERROR] No loader is configured for ".ttf" files: ../../rox-one/node_modules/katex/dist/fonts/KaTeX_SansSerif-Italic.ttf

    ../../rox-one/node_modules/katex/dist/katex.min.css:1:3234:
      1 │ ...ormat("woff"),url(fonts/KaTeX_SansSerif-Italic.ttf) format("true...
        ╵                  ~~~~~~~~~~~~~~~~~~~~~~~~~~~~~~~~~~~~~

✘ [ERROR] No loader is configured for ".ttf" files: ../../rox-one/node_modules/katex/dist/fonts/KaTeX_Size4-Regular.ttf

    ../../rox-one/node_modules/katex/dist/katex.min.css:1:4759:
      1 │ ...format("woff"),url(fonts/KaTeX_Size4-Regular.ttf) format("truety...
        ╵                   ~~~~~~~~~~~~~~~~~~~~~~~~~~~~~~~~~~

✘ [ERROR] No loader is configured for ".woff2" files: ../../rox-one/node_modules/katex/dist/fonts/KaTeX_Typewriter-Regular.woff2

    ../../rox-one/node_modules/katex/dist/katex.min.css:1:4910:
      1 │ ...ght:400;src:url(fonts/KaTeX_Typewriter-Regular.woff2) format("wo...
        ╵                ~~~~~~~~~~~~~~~~~~~~~~~~~~~~~~~~~~~~~~~~~

✘ [ERROR] No loader is configured for ".woff2" files: ../../rox-one/node_modules/katex/dist/fonts/KaTeX_SansSerif-Bold.woff2

    ../../rox-one/node_modules/katex/dist/katex.min.css:1:2865:
      1 │ ...eight:700;src:url(fonts/KaTeX_SansSerif-Bold.woff2) format("woff...
        ╵                  ~~~~~~~~~~~~~~~~~~~~~~~~~~~~~~~~~~~~~

✘ [ERROR] No loader is configured for ".woff2" files: ../../rox-one/node_modules/katex/dist/fonts/KaTeX_Math-BoldItalic.woff2

    ../../rox-one/node_modules/katex/dist/katex.min.css:1:2360:
      1 │ ...ight:700;src:url(fonts/KaTeX_Math-BoldItalic.woff2) format("woff...
        ╵                 ~~~~~~~~~~~~~~~~~~~~~~~~~~~~~~~~~~~~~~

✘ [ERROR] No loader is configured for ".woff" files: ../../rox-one/node_modules/katex/dist/fonts/KaTeX_Typewriter-Regular.woff

    ../../rox-one/node_modules/katex/dist/katex.min.css:1:4968:
      1 │ ...at("woff2"),url(fonts/KaTeX_Typewriter-Regular.woff) format("wof...
        ╵                ~~~~~~~~~~~~~~~~~~~~~~~~~~~~~~~~~~~~~~~~

✘ [ERROR] No loader is configured for ".woff" files: ../../rox-one/node_modules/katex/dist/fonts/KaTeX_SansSerif-Regular.woff

    ../../rox-one/node_modules/katex/dist/katex.min.css:1:3446:
      1 │ ...mat("woff2"),url(fonts/KaTeX_SansSerif-Regular.woff) format("wof...
        ╵                 ~~~~~~~~~~~~~~~~~~~~~~~~~~~~~~~~~~~~~~~

✘ [ERROR] No loader is configured for ".ttf" files: ../../rox-one/node_modules/katex/dist/fonts/KaTeX_Main-Regular.ttf

    ../../rox-one/node_modules/katex/dist/katex.min.css:1:2216:
      1 │ ... format("woff"),url(fonts/KaTeX_Main-Regular.ttf) format("truety...
        ╵                    ~~~~~~~~~~~~~~~~~~~~~~~~~~~~~~~~~

✘ [ERROR] No loader is configured for ".woff2" files: ../../rox-one/node_modules/katex/dist/fonts/KaTeX_Math-Italic.woff2

    ../../rox-one/node_modules/katex/dist/katex.min.css:1:2615:
      1 │ ...weight:400;src:url(fonts/KaTeX_Math-Italic.woff2) format("woff2"...
        ╵                   ~~~~~~~~~~~~~~~~~~~~~~~~~~~~~~~~~~

✘ [ERROR] No loader is configured for ".ttf" files: ../../rox-one/node_modules/katex/dist/fonts/KaTeX_SansSerif-Regular.ttf

    ../../rox-one/node_modules/katex/dist/katex.min.css:1:3501:
      1 │ ...rmat("woff"),url(fonts/KaTeX_SansSerif-Regular.ttf) format("true...
        ╵                 ~~~~~~~~~~~~~~~~~~~~~~~~~~~~~~~~~~~~~~

✘ [ERROR] No loader is configured for ".woff" files: ../../rox-one/node_modules/katex/dist/fonts/KaTeX_Script-Regular.woff

    ../../rox-one/node_modules/katex/dist/katex.min.css:1:3706:
      1 │ ...rmat("woff2"),url(fonts/KaTeX_Script-Regular.woff) format("woff"...
        ╵                  ~~~~~~~~~~~~~~~~~~~~~~~~~~~~~~~~~~~~

✘ [ERROR] No loader is configured for ".woff2" files: ../../rox-one/node_modules/katex/dist/fonts/KaTeX_Script-Regular.woff2

    ../../rox-one/node_modules/katex/dist/katex.min.css:1:3652:
      1 │ ...eight:400;src:url(fonts/KaTeX_Script-Regular.woff2) format("woff...
        ╵                  ~~~~~~~~~~~~~~~~~~~~~~~~~~~~~~~~~~~~~

✘ [ERROR] No loader is configured for ".ttf" files: ../../rox-one/node_modules/katex/dist/fonts/KaTeX_SansSerif-Bold.ttf

    ../../rox-one/node_modules/katex/dist/katex.min.css:1:2971:
      1 │ ...format("woff"),url(fonts/KaTeX_SansSerif-Bold.ttf) format("truet...
        ╵                   ~~~~~~~~~~~~~~~~~~~~~~~~~~~~~~~~~~~

✘ [ERROR] No loader is configured for ".ttf" files: ../../rox-one/node_modules/katex/dist/fonts/KaTeX_Typewriter-Regular.ttf

    ../../rox-one/node_modules/katex/dist/katex.min.css:1:5024:
      1 │ ...rmat("woff"),url(fonts/KaTeX_Typewriter-Regular.ttf) format("tru...
        ╵                 ~~~~~~~~~~~~~~~~~~~~~~~~~~~~~~~~~~~~~~~

✘ [ERROR] No loader is configured for ".woff" files: ../../rox-one/node_modules/katex/dist/fonts/KaTeX_Main-Regular.woff

    ../../rox-one/node_modules/katex/dist/katex.min.css:1:2166:
      1 │ ...ormat("woff2"),url(fonts/KaTeX_Main-Regular.woff) format("woff")...
        ╵                   ~~~~~~~~~~~~~~~~~~~~~~~~~~~~~~~~~~

✘ [ERROR] No loader is configured for ".ttf" files: ../../rox-one/node_modules/katex/dist/fonts/KaTeX_Script-Regular.ttf

    ../../rox-one/node_modules/katex/dist/katex.min.css:1:3758:
      1 │ ...format("woff"),url(fonts/KaTeX_Script-Regular.ttf) format("truet...
        ╵                   ~~~~~~~~~~~~~~~~~~~~~~~~~~~~~~~~~~~

✘ [ERROR] No loader is configured for ".ttf" files: ../../rox-one/node_modules/katex/dist/fonts/KaTeX_Size1-Regular.ttf

    ../../rox-one/node_modules/katex/dist/katex.min.css:1:4009:
      1 │ ...format("woff"),url(fonts/KaTeX_Size1-Regular.ttf) format("truety...
        ╵                   ~~~~~~~~~~~~~~~~~~~~~~~~~~~~~~~~~~

✘ [ERROR] No loader is configured for ".woff2" files: ../../rox-one/node_modules/katex/dist/fonts/KaTeX_Size1-Regular.woff2

    ../../rox-one/node_modules/katex/dist/katex.min.css:1:3905:
      1 │ ...eight:400;src:url(fonts/KaTeX_Size1-Regular.woff2) format("woff2...
        ╵                  ~~~~~~~~~~~~~~~~~~~~~~~~~~~~~~~~~~~~

✘ [ERROR] No loader is configured for ".woff" files: ../../rox-one/node_modules/katex/dist/fonts/KaTeX_SansSerif-Italic.woff

    ../../rox-one/node_modules/katex/dist/katex.min.css:1:3180:
      1 │ ...mat("woff2"),url(fonts/KaTeX_SansSerif-Italic.woff) format("woff...
        ╵                 ~~~~~~~~~~~~~~~~~~~~~~~~~~~~~~~~~~~~~~

✘ [ERROR] No loader is configured for ".woff" files: ../../rox-one/node_modules/katex/dist/fonts/KaTeX_Size1-Regular.woff

    ../../rox-one/node_modules/katex/dist/katex.min.css:1:3958:
      1 │ ...ormat("woff2"),url(fonts/KaTeX_Size1-Regular.woff) format("woff"...
        ╵                   ~~~~~~~~~~~~~~~~~~~~~~~~~~~~~~~~~~~

✘ [ERROR] No loader is configured for ".woff" files: ../../rox-one/node_modules/katex/dist/fonts/KaTeX_Size3-Regular.woff

    ../../rox-one/node_modules/katex/dist/katex.min.css:1:4458:
      1 │ ...ormat("woff2"),url(fonts/KaTeX_Size3-Regular.woff) format("woff"...
        ╵                   ~~~~~~~~~~~~~~~~~~~~~~~~~~~~~~~~~~~

✘ [ERROR] No loader is configured for ".ttf" files: ../../rox-one/node_modules/katex/dist/fonts/KaTeX_Size3-Regular.ttf

    ../../rox-one/node_modules/katex/dist/katex.min.css:1:4509:
      1 │ ...format("woff"),url(fonts/KaTeX_Size3-Regular.ttf) format("truety...
        ╵                   ~~~~~~~~~~~~~~~~~~~~~~~~~~~~~~~~~~

✘ [ERROR] No loader is configured for ".woff2" files: ../../rox-one/node_modules/katex/dist/fonts/KaTeX_Size3-Regular.woff2

    ../../rox-one/node_modules/katex/dist/katex.min.css:1:4405:
      1 │ ...eight:400;src:url(fonts/KaTeX_Size3-Regular.woff2) format("woff2...
        ╵                  ~~~~~~~~~~~~~~~~~~~~~~~~~~~~~~~~~~~~

✘ [ERROR] No loader is configured for ".woff2" files: ../../rox-one/node_modules/katex/dist/fonts/KaTeX_SansSerif-Italic.woff2

    ../../rox-one/node_modules/katex/dist/katex.min.css:1:3124:
      1 │ ...ight:400;src:url(fonts/KaTeX_SansSerif-Italic.woff2) format("wof...
        ╵                 ~~~~~~~~~~~~~~~~~~~~~~~~~~~~~~~~~~~~~~~

✘ [ERROR] No loader is configured for ".ttf" files: ../../rox-one/node_modules/katex/dist/fonts/KaTeX_Size2-Regular.ttf

    ../../rox-one/node_modules/katex/dist/katex.min.css:1:4259:
      1 │ ...format("woff"),url(fonts/KaTeX_Size2-Regular.ttf) format("truety...
        ╵                   ~~~~~~~~~~~~~~~~~~~~~~~~~~~~~~~~~~

1462 |     let { file, line, column } = e.location;
1463 |     let pluginText = e.pluginName ? `[plugin: ${e.pluginName}] ` : "";
1464 |     return `
1465 | ${file}:${line}:${column}: ERROR: ${pluginText}${e.text}`;
1466 |   }).join("");
1467 |   let error = new Error(text);
                         ^
error: Build failed with 60 errors:
../../rox-one/node_modules/katex/dist/katex.min.css:1:90: ERROR: No loader is configured for ".woff2" files: ../../rox-one/node_modules/katex/dist/fonts/KaTeX_AMS-Regular.woff2
../../rox-one/node_modules/katex/dist/katex.min.css:1:141: ERROR: No loader is configured for ".woff" files: ../../rox-one/node_modules/katex/dist/fonts/KaTeX_AMS-Regular.woff
../../rox-one/node_modules/katex/dist/katex.min.css:1:190: ERROR: No loader is configured for ".ttf" files: ../../rox-one/node_modules/katex/dist/fonts/KaTeX_AMS-Regular.ttf
../../rox-one/node_modules/katex/dist/katex.min.css:1:340: ERROR: No loader is configured for ".woff2" files: ../../rox-one/node_modules/katex/dist/fonts/KaTeX_Caligraphic-Bold.woff2
../../rox-one/node_modules/katex/dist/katex.min.css:1:396: ERROR: No loader is configured for ".woff" files: ../../rox-one/node_modules/katex/dist/fonts/KaTeX_Caligraphic-Bold.woff
...
      at failureErrorWithLog (/workspace/scratch/d0a9c1c6c094/rox-one/node_modules/esbuild/lib/main.js:1467:19)
      at <anonymous> (/workspace/scratch/d0a9c1c6c094/rox-one/node_modules/esbuild/lib/main.js:926:25)
      at buildResponseToResult (/workspace/scratch/d0a9c1c6c094/rox-one/node_modules/esbuild/lib/main.js:924:7)
      at <anonymous> (/workspace/scratch/d0a9c1c6c094/rox-one/node_modules/esbuild/lib/main.js:603:9)
      at handleIncomingPacket (/workspace/scratch/d0a9c1c6c094/rox-one/node_modules/esbuild/lib/main.js:658:12)
      at readFromStdout (/workspace/scratch/d0a9c1c6c094/rox-one/node_modules/esbuild/lib/main.js:581:7)
      at emit (node:events:95:22)
      at addChunk (internal:streams/readable:264:47)
      at readableAddChunkPushByteMode (internal:streams/readable:242:18)
      at handleArrayBufferViewResult (internal:streams/native-readable:79:16)
      at <anonymous> (internal:streams/native-readable:43:68)

Bun v1.3.14 (Linux x64)
