bun test v1.4.2 (43848b5a7)

packages/server-core/src/workspace-work/workspace-work.test.ts:
(pass) canonical task IDs, workspace project ref and receipt survive store reload [30.09ms]
(pass) meeting action origin deduplicates retries, cannot retarget, and survives deletion [178.42ms]
(pass) retained unavailable links, project and assignee do not block task edits; new missing selections fail [9.65ms]
(pass) author or assignee edits, other member comments, manager can edit [12.63ms]
(pass) profiles owner/manage edits, shared default manage-only, captured capabilities immutable [11.36ms]
(pass) multiple work blocks keep task deadline separate; half-open overlap reports owner [30.68ms]
(pass) invalid, unknown, spoofed and foreign IDs never write [353.80ms]
(pass) stale second writer fails; busy lease and symlink are denied without resetting data [10.30ms]
(pass) delete atomically removes dependent blocks/comments and preserves canonical tombstone [6.79ms]
(pass) authorization is checked again before durable commit; denial leaves canonical bytes unchanged [20.51ms]
(pass) real killed writer releases the OS lease; canonical bundle survives and accepts next revision [139.60ms]

packages/server-core/src/sessions/agent-profile-session.test.ts:
(pass) new dialog captures default profile, persists ceiling, rejects expansion and preserves legacy [5436.41ms]

packages/server-core/src/handlers/rpc/workspace-work.test.ts:
(pass) real native RPC enforces grants, actor ownership, scope, revisions and restart [2637.54ms]

apps/electron/src/main/handlers/__tests__/registration-profiles.test.ts:
(pass) RPC handler profile registration > registerCoreRpcHandlers registers only core channels [1920.91ms]
(pass) RPC handler profile registration > registerGuiRpcHandlers registers only gui channels [0.67ms]

apps/electron/src/main/handlers/__tests__/registration.test.ts:
(pass) RPC handler registration > registers all declared handled channels exactly once [40.47ms]
(pass) RPC handler registration > keeps onboarding channels in registration coverage [35.12ms]

 17 pass
 0 fail
 71 expect() calls
Ran 17 tests across 5 files. [13.76s]
