
/Users/t/Projects/rox-navigation-rebuild-20261003/apps/electron/src/renderer/App.tsx
   851:6  warning  React Hook useCallback has a missing dependency: 'setWindowWorkspaceId'. Either include it or remove the dependency array               react-hooks/exhaustive-deps
   893:6  warning  React Hook useCallback has a missing dependency: 'setWindowWorkspaceId'. Either include it or remove the dependency array               react-hooks/exhaustive-deps
  1032:6  warning  React Hook useEffect has a missing dependency: 'setWindowWorkspaceId'. Either include it or remove the dependency array                 react-hooks/exhaustive-deps
  1093:6  warning  React Hook useEffect has a missing dependency: 't'. Either include it or remove the dependency array                                    react-hooks/exhaustive-deps
  1424:6  warning  React Hook useEffect has a missing dependency: 'handleInputChange'. Either include it or remove the dependency array                    react-hooks/exhaustive-deps
  1529:6  warning  React Hook useEffect has a missing dependency: 'handleOpenSettings'. Either include it or remove the dependency array                   react-hooks/exhaustive-deps
  1860:6  warning  React Hook useCallback has missing dependencies: 'store' and 'windowWorkspaceSlug'. Either include them or remove the dependency array  react-hooks/exhaustive-deps
  2277:6  warning  React Hook useCallback has a missing dependency: 'setWindowWorkspaceId'. Either include it or remove the dependency array               react-hooks/exhaustive-deps
  2337:6  warning  React Hook useCallback has a missing dependency: 'setWindowWorkspaceId'. Either include it or remove the dependency array               react-hooks/exhaustive-deps

/Users/t/Projects/rox-navigation-rebuild-20261003/apps/electron/src/renderer/atoms/unified-shell.ts
  37:19  warning  Avoid localStorage in Craft Agent. Store settings in ~/.craft-agent/preferences.json using window.electronAPI.readPreferences/writePreferences. See packages/shared/src/config/preferences.ts for the preferences API  craft-agent/no-localstorage
  37:62  warning  Avoid localStorage in Craft Agent. Store settings in ~/.craft-agent/preferences.json using window.electronAPI.readPreferences/writePreferences. See packages/shared/src/config/preferences.ts for the preferences API  craft-agent/no-localstorage

/Users/t/Projects/rox-navigation-rebuild-20261003/apps/electron/src/renderer/components/app-shell/AppShell.tsx
   706:6  warning  React Hook useEffect has a missing dependency: 'navState'. Either include it or remove the dependency array                                                                                                                                   react-hooks/exhaustive-deps
   727:6  warning  React Hook React.useEffect has a missing dependency: 'collectionFilters'. Either include it or remove the dependency array                                                                                                                    react-hooks/exhaustive-deps
   736:6  warning  React Hook useCallback has an unnecessary dependency: 'navigate'. Either exclude it or remove the dependency array. Outer scope values like 'navigate' aren't valid dependencies because mutating them doesn't re-render the component        react-hooks/exhaustive-deps
   766:6  warning  React Hook useCallback has an unnecessary dependency: 'navigate'. Either exclude it or remove the dependency array. Outer scope values like 'navigate' aren't valid dependencies because mutating them doesn't re-render the component        react-hooks/exhaustive-deps
   785:5  warning  React Hook useCallback has an unnecessary dependency: 'navigate'. Either exclude it or remove the dependency array. Outer scope values like 'navigate' aren't valid dependencies because mutating them doesn't re-render the component        react-hooks/exhaustive-deps
  1092:6  warning  React Hook React.useLayoutEffect has missing dependencies: 'navigatorResize' and 'sidebarResize'. Either include them or remove the dependency array                                                                                          react-hooks/exhaustive-deps
  1200:6  warning  React Hook React.useCallback has an unnecessary dependency: 'navigate'. Either exclude it or remove the dependency array. Outer scope values like 'navigate' aren't valid dependencies because mutating them doesn't re-render the component  react-hooks/exhaustive-deps
  1207:6  warning  React Hook React.useCallback has an unnecessary dependency: 'navigate'. Either exclude it or remove the dependency array. Outer scope values like 'navigate' aren't valid dependencies because mutating them doesn't re-render the component  react-hooks/exhaustive-deps
  1757:6  warning  React Hook useMemo has a missing dependency: 'evaluateViews'. Either include it or remove the dependency array                                                                                                                                react-hooks/exhaustive-deps
  1880:6  warning  React Hook useCallback has an unnecessary dependency: 'navigate'. Either exclude it or remove the dependency array. Outer scope values like 'navigate' aren't valid dependencies because mutating them doesn't re-render the component        react-hooks/exhaustive-deps
  1888:6  warning  React Hook useCallback has an unnecessary dependency: 'navigate'. Either exclude it or remove the dependency array. Outer scope values like 'navigate' aren't valid dependencies because mutating them doesn't re-render the component        react-hooks/exhaustive-deps
  1892:6  warning  React Hook useCallback has an unnecessary dependency: 'navigate'. Either exclude it or remove the dependency array. Outer scope values like 'navigate' aren't valid dependencies because mutating them doesn't re-render the component        react-hooks/exhaustive-deps
  1898:6  warning  React Hook useCallback has an unnecessary dependency: 'navigate'. Either exclude it or remove the dependency array. Outer scope values like 'navigate' aren't valid dependencies because mutating them doesn't re-render the component        react-hooks/exhaustive-deps
  1903:6  warning  React Hook useCallback has an unnecessary dependency: 'navigate'. Either exclude it or remove the dependency array. Outer scope values like 'navigate' aren't valid dependencies because mutating them doesn't re-render the component        react-hooks/exhaustive-deps
  1912:6  warning  React Hook useCallback has an unnecessary dependency: 'navigate'. Either exclude it or remove the dependency array. Outer scope values like 'navigate' aren't valid dependencies because mutating them doesn't re-render the component        react-hooks/exhaustive-deps
  1919:6  warning  React Hook useCallback has an unnecessary dependency: 'navigate'. Either exclude it or remove the dependency array. Outer scope values like 'navigate' aren't valid dependencies because mutating them doesn't re-render the component        react-hooks/exhaustive-deps
  2012:6  warning  React Hook useCallback has an unnecessary dependency: 'navigate'. Either exclude it or remove the dependency array. Outer scope values like 'navigate' aren't valid dependencies because mutating them doesn't re-render the component        react-hooks/exhaustive-deps
  2162:6  warning  React Hook useCallback has an unnecessary dependency: 'navigate'. Either exclude it or remove the dependency array. Outer scope values like 'navigate' aren't valid dependencies because mutating them doesn't re-render the component        react-hooks/exhaustive-deps
  2204:6  warning  React Hook useCallback has an unnecessary dependency: 'navigate'. Either exclude it or remove the dependency array. Outer scope values like 'navigate' aren't valid dependencies because mutating them doesn't re-render the component        react-hooks/exhaustive-deps
  2230:6  warning  React Hook useCallback has an unnecessary dependency: 'navigate'. Either exclude it or remove the dependency array. Outer scope values like 'navigate' aren't valid dependencies because mutating them doesn't re-render the component        react-hooks/exhaustive-deps
  2276:6  warning  React Hook useCallback has a missing dependency: 't'. Either include it or remove the dependency array                                                                                                                                        react-hooks/exhaustive-deps
  2288:6  warning  React Hook useCallback has a missing dependency: 't'. Either include it or remove the dependency array                                                                                                                                        react-hooks/exhaustive-deps
  2455:6  warning  React Hook useCallback has a missing dependency: 't'. Either include it or remove the dependency array                                                                                                                                        react-hooks/exhaustive-deps

/Users/t/Projects/rox-navigation-rebuild-20261003/apps/electron/src/renderer/components/app-shell/MainContentPanel.tsx
  225:9  warning  The 'navState' conditional could make the dependencies of useEffect Hook (at line 264) change on every render. To fix this, wrap the initialization of 'navState' in its own useMemo() Hook  react-hooks/exhaustive-deps
  225:9  warning  The 'navState' conditional could make the dependencies of useEffect Hook (at line 271) change on every render. To fix this, wrap the initialization of 'navState' in its own useMemo() Hook  react-hooks/exhaustive-deps

/Users/t/Projects/rox-navigation-rebuild-20261003/apps/electron/src/renderer/components/app-shell/MemoryProposalCard.tsx
  37:6  warning  React Hook React.useEffect has a missing dependency: 'proposal.approval'. Either include it or remove the dependency array. If 'setReceipt' needs the current value of 'proposal.approval', you can also switch to useReducer instead of useState and read 'proposal.approval' in the reducer                             react-hooks/exhaustive-deps
  54:6  warning  React Hook React.useEffect has missing dependencies: 'proposal.approval' and 'proposal.projectId'. Either include them or remove the dependency array. If 'setReceipt' needs the current value of 'proposal.approval', you can also switch to useReducer instead of useState and read 'proposal.approval' in the reducer  react-hooks/exhaustive-deps

/Users/t/Projects/rox-navigation-rebuild-20261003/apps/electron/src/renderer/components/automations/AutomationEditor.tsx
  540:6  warning  React Hook React.useEffect has a missing dependency: 'automation'. Either include it or remove the dependency array  react-hooks/exhaustive-deps

/Users/t/Projects/rox-navigation-rebuild-20261003/apps/electron/src/renderer/contexts/NavigationContext.tsx
  352:50  warning  The ref value 'historyReconcileRevisionRef.current' will likely have changed by the time this effect cleanup function runs. If this ref points to a node rendered by React, copy 'historyReconcileRevisionRef.current' to a variable inside the effect, and use that variable in the cleanup function  react-hooks/exhaustive-deps
  353:6   warning  React Hook useLayoutEffect has a missing dependency: 'maybePushHistoryForSemanticChange'. Either include it or remove the dependency array                                                                                                                                                             react-hooks/exhaustive-deps

/Users/t/Projects/rox-navigation-rebuild-20261003/apps/electron/src/renderer/pages/FeedPage.tsx
  139:17  warning  Avoid localStorage in Craft Agent. Store settings in ~/.craft-agent/preferences.json using window.electronAPI.readPreferences/writePreferences. See packages/shared/src/config/preferences.ts for the preferences API                                                        craft-agent/no-localstorage
  140:69  warning  Avoid localStorage in Craft Agent. Store settings in ~/.craft-agent/preferences.json using window.electronAPI.readPreferences/writePreferences. See packages/shared/src/config/preferences.ts for the preferences API                                                        craft-agent/no-localstorage
  249:7   warning  Avoid localStorage in Craft Agent. Store settings in ~/.craft-agent/preferences.json using window.electronAPI.readPreferences/writePreferences. See packages/shared/src/config/preferences.ts for the preferences API                                                        craft-agent/no-localstorage
  292:35  warning  The ref value 'loadGeneration.current' will likely have changed by the time this effect cleanup function runs. If this ref points to a node rendered by React, copy 'loadGeneration.current' to a variable inside the effect, and use that variable in the cleanup function  react-hooks/exhaustive-deps

/Users/t/Projects/rox-navigation-rebuild-20261003/apps/electron/src/renderer/pages/NotesPage.tsx
   395:37   warning  Avoid localStorage in Craft Agent. Store settings in ~/.craft-agent/preferences.json using window.electronAPI.readPreferences/writePreferences. See packages/shared/src/config/preferences.ts for the preferences API                                                                                craft-agent/no-localstorage
   431:29   warning  Avoid localStorage in Craft Agent. Store settings in ~/.craft-agent/preferences.json using window.electronAPI.readPreferences/writePreferences. See packages/shared/src/config/preferences.ts for the preferences API                                                                                craft-agent/no-localstorage
   473:36   warning  The ref value 'readWorkspaceGenerationRef.current' will likely have changed by the time this effect cleanup function runs. If this ref points to a node rendered by React, copy 'readWorkspaceGenerationRef.current' to a variable inside the effect, and use that variable in the cleanup function  react-hooks/exhaustive-deps
   474:29   warning  The ref value 'notesListRequestRef.current' will likely have changed by the time this effect cleanup function runs. If this ref points to a node rendered by React, copy 'notesListRequestRef.current' to a variable inside the effect, and use that variable in the cleanup function                react-hooks/exhaustive-deps
   475:26   warning  The ref value 'assetsRequestRef.current' will likely have changed by the time this effect cleanup function runs. If this ref points to a node rendered by React, copy 'assetsRequestRef.current' to a variable inside the effect, and use that variable in the cleanup function                      react-hooks/exhaustive-deps
   481:41   warning  The ref value 'openNoteRequestRef.current' will likely have changed by the time this effect cleanup function runs. If this ref points to a node rendered by React, copy 'openNoteRequestRef.current' to a variable inside the effect, and use that variable in the cleanup function                  react-hooks/exhaustive-deps
   504:41   warning  The ref value 'openNoteRequestRef.current' will likely have changed by the time this effect cleanup function runs. If this ref points to a node rendered by React, copy 'openNoteRequestRef.current' to a variable inside the effect, and use that variable in the cleanup function                  react-hooks/exhaustive-deps
   530:6    warning  React Hook React.useEffect has a missing dependency: 'activeNote.nativeId'. Either include it or remove the dependency array                                                                                                                                                                         react-hooks/exhaustive-deps
   544:6    warning  React Hook React.useEffect has a missing dependency: 'activeNote'. Either include it or remove the dependency array                                                                                                                                                                                  react-hooks/exhaustive-deps
   665:7    warning  Avoid localStorage in Craft Agent. Store settings in ~/.craft-agent/preferences.json using window.electronAPI.readPreferences/writePreferences. See packages/shared/src/config/preferences.ts for the preferences API                                                                                craft-agent/no-localstorage
  1720:6    warning  React Hook React.useCallback has a missing dependency: 'insertAtCursor'. Either include it or remove the dependency array                                                                                                                                                                            react-hooks/exhaustive-deps
  1943:54   warning  Avoid localStorage in Craft Agent. Store settings in ~/.craft-agent/preferences.json using window.electronAPI.readPreferences/writePreferences. See packages/shared/src/config/preferences.ts for the preferences API                                                                                craft-agent/no-localstorage
  1943:92   warning  Avoid localStorage in Craft Agent. Store settings in ~/.craft-agent/preferences.json using window.electronAPI.readPreferences/writePreferences. See packages/shared/src/config/preferences.ts for the preferences API                                                                                craft-agent/no-localstorage
  1972:6    warning  React Hook React.useCallback has a missing dependency: 'AI_PROMPTS'. Either include it or remove the dependency array                                                                                                                                                                                react-hooks/exhaustive-deps
  2099:7    warning  Avoid localStorage in Craft Agent. Store settings in ~/.craft-agent/preferences.json using window.electronAPI.readPreferences/writePreferences. See packages/shared/src/config/preferences.ts for the preferences API                                                                                craft-agent/no-localstorage
  2113:45   warning  Avoid localStorage in Craft Agent. Store settings in ~/.craft-agent/preferences.json using window.electronAPI.readPreferences/writePreferences. See packages/shared/src/config/preferences.ts for the preferences API                                                                                craft-agent/no-localstorage
  2114:6    warning  React Hook React.useEffect has a missing dependency: 'activeNote'. Either include it or remove the dependency array                                                                                                                                                                                  react-hooks/exhaustive-deps
  2594:17   warning  Avoid localStorage in Craft Agent. Store settings in ~/.craft-agent/preferences.json using window.electronAPI.readPreferences/writePreferences. See packages/shared/src/config/preferences.ts for the preferences API                                                                                craft-agent/no-localstorage
  3028:113  warning  Avoid hardcoded '/' or '\\' in path operations - this breaks on Windows/Unix. Use pathStartsWith() from @rox/core/utils, or path.sep in Node.js code                                                                                                                                                 craft-paths/no-hardcoded-path-separator

/Users/t/Projects/rox-navigation-rebuild-20261003/apps/electron/src/renderer/pages/TasksPage.tsx
  597:6  warning  React Hook useEffect has a missing dependency: 'selected'. Either include it or remove the dependency array  react-hooks/exhaustive-deps

/Users/t/Projects/rox-navigation-rebuild-20261003/apps/electron/src/renderer/pages/notes/__tests__/notes-auxiliary-tools.test.ts
  8:515  warning  Avoid localStorage in Craft Agent. Store settings in ~/.craft-agent/preferences.json using window.electronAPI.readPreferences/writePreferences. See packages/shared/src/config/preferences.ts for the preferences API  craft-agent/no-localstorage

✖ 66 problems (0 errors, 66 warnings)
