bun test v1.3.14 (0d9b296a)

apps/electron/src/renderer/components/app-shell/__tests__/terminal-cloudrun-hosts-nav.test.ts:
(pass) MainContentPanel terminal + cloud-run hosts (#571) > wires isTerminalNavigation / isCloudRunNavigation to dedicated surface pages [3.32ms]
(pass) MainContentPanel terminal + cloud-run hosts (#571) > dispatches selected and empty terminal/cloud-run addresses to their own hosts [416.82ms]
(pass) MainContentPanel terminal + cloud-run hosts (#571) > leaves browser/extension hosts intact [0.31ms]
(pass) MainContentPanel terminal + cloud-run hosts (#571) > preserves a selected terminal as unavailable and opens the existing dock only on the explicit action [12.97ms]
(pass) MainContentPanel terminal + cloud-run hosts (#571) > terminal preserves unsupported IDs on unavailable surface with an explicit dock path [0.07ms]
(pass) MainContentPanel terminal + cloud-run hosts (#571) > cloud-run host loads run status or honest unavailable + settings path [0.10ms]
(pass) MainContentPanel terminal + cloud-run hosts (#571) > English and Russian locales keep distinct surface copy [18.52ms]
(pass) MainContentPanel terminal + cloud-run hosts (#571) > all 12 locales define the wired surface keys [50.29ms]

apps/electron/src/renderer/components/app-shell/__tests__/rox-readiness-ui-001.route-recovery.test.ts:
(pass) ROX UI-001 actual MainContentPanel dispatch > dispatches allSessions/session/session-one with its own selected entity [16.94ms]
(pass) ROX UI-001 actual MainContentPanel dispatch > dispatches sources/source/source-one with its own selected entity [6.65ms]
(pass) ROX UI-001 actual MainContentPanel dispatch > dispatches skills/skill/skill-one with its own selected entity [1.02ms]
(pass) ROX UI-001 actual MainContentPanel dispatch > dispatches projects/project/project-one with its own selected entity [2.09ms]
(pass) ROX UI-001 actual MainContentPanel dispatch > dispatches notes/note/note-one with its own selected entity [1.47ms]
(pass) ROX UI-001 actual MainContentPanel dispatch > dispatches pages/page/page-one with its own selected entity [1.09ms]
(pass) ROX UI-001 actual MainContentPanel dispatch > dispatches knowledge/document/knowledge-one with its own selected entity [1.44ms]
(pass) ROX UI-001 actual MainContentPanel dispatch > dispatches extension/extension-one/view-one with its own selected entity [1.26ms]
(pass) ROX UI-001 actual MainContentPanel dispatch > dispatches terminal/terminal-one with its own selected entity [3.49ms]
(pass) ROX UI-001 actual MainContentPanel dispatch > dispatches cloud-run/run-one with its own selected entity [1.37ms]
(pass) ROX UI-001 actual MainContentPanel dispatch > dispatches dossier/item/item-one with its own selected entity [1.37ms]
(pass) ROX UI-001 actual MainContentPanel dispatch > dispatches radar/item/item-one with its own selected entity [0.96ms]
(pass) ROX UI-001 actual MainContentPanel dispatch > dispatches decisions/item/item-one with its own selected entity [0.91ms]
(pass) ROX UI-001 actual MainContentPanel dispatch > dispatches agents/item/item-one with its own selected entity [0.74ms]
(pass) ROX UI-001 actual MainContentPanel dispatch > dispatches focus/item/item-one with its own selected entity [0.47ms]
(pass) ROX UI-001 actual MainContentPanel dispatch > renders an explicit unavailable state for an unsupported navigation state [0.83ms]

apps/electron/src/renderer/components/app-shell/__tests__/rox-readiness-ui-001.service-workspace-recovery.test.ts:
(pass) UI-001 service selection over unavailable workspace — actual composed callbacks > a valid map address selects the existing scope without changing runtime evidence or panel history [155.27ms]
(pass) UI-001 service selection over unavailable workspace — actual composed callbacks > explicit Notes service recovers an unavailable workspace (already focused retained panel) [115.76ms]
(pass) UI-001 service selection over unavailable workspace — actual composed callbacks > explicit Notes service recovers an unavailable workspace (focus another retained panel) [176.24ms]
(pass) UI-001 service selection over unavailable workspace — actual composed callbacks > negative control: direct production navigate performs workspace recovery and actual syncUrl persists it [115.65ms]
(pass) UI-001 service selection over unavailable workspace — actual composed callbacks > the actual service hook refreshes its callback when a valid workspace becomes unavailable [173.36ms]

 29 pass
 0 fail
 232 expect() calls
Ran 29 tests across 3 files. [2.72s]
