bun test v1.3.14 (0d9b296a)

apps/electron/src/renderer/contexts/__tests__/rox-readiness-ui-001.navigation-browser.test.ts:
(pass) UI-001 mounted NavigationProvider raw URL/readiness/history > initial missing entity never auto-selects an existing chat and survives reload [409.32ms]
(pass) UI-001 mounted NavigationProvider raw URL/readiness/history > unknown and malformed routes preserve raw addresses on initial load/reload/deep link [871.84ms]
(pass) UI-001 mounted NavigationProvider raw URL/readiness/history > legacy known-root incomplete shapes remain unavailable through auto-selection effects [805.25ms]
(pass) UI-001 mounted NavigationProvider raw URL/readiness/history > raw commas, colon suffixes and malformed escapes round-trip within a multi-panel URL [383.65ms]
(pass) UI-001 mounted NavigationProvider raw URL/readiness/history > queued nested/encoded raw view and new-panel option are replayed after readiness [231.15ms]
(pass) UI-001 mounted NavigationProvider raw URL/readiness/history > queued malformed view survives a session-readiness-only race [253.93ms]
(pass) UI-001 mounted NavigationProvider raw URL/readiness/history > actual back/forward, deletion and workspace restoration preserve explicit selection [301.09ms]
(pass) UI-001 mounted NavigationProvider raw URL/readiness/history > missing or rejected workspace history targets retain unavailable address until explicit local recovery [293.41ms]
(pass) UI-001 mounted NavigationProvider raw URL/readiness/history > pending workspace history keeps its target during resize and late failure cannot overwrite a newer intent [526.97ms]
(pass) UI-001 mounted NavigationProvider raw URL/readiness/history > history-switch regression: false reply after focus-only change releases suppression [388.28ms]
(pass) UI-001 mounted NavigationProvider raw URL/readiness/history > explicit navigation before the workspace restore frame pushes its own history entry [291.24ms]
(pass) UI-001 mounted NavigationProvider raw URL/readiness/history > history-switch regression: rejected reply after focus-only change releases suppression [361.51ms]
(pass) UI-001 mounted NavigationProvider raw URL/readiness/history > history-switch regression: older failure cannot release a newer workspace switch [449.93ms]
(pass) UI-001 mounted NavigationProvider raw URL/readiness/history > history-switch regression: same-workspace popstate supersedes a pending foreign switch [436.72ms]
(pass) UI-001 mounted NavigationProvider raw URL/readiness/history > history-switch regression: metadata-blocked same-workspace history retains its newer target [400.78ms]
(pass) UI-001 mounted NavigationProvider raw URL/readiness/history > history-switch regression: remote-only owner rotation still releases a failed workspace switch [373.17ms]
(pass) UI-001 mounted NavigationProvider raw URL/readiness/history > history-switch regression: workspace ABA cannot revive a failed switch over blocked current history [425.51ms]
(pass) UI-001 mounted NavigationProvider raw URL/readiness/history > actual StrictMode mount releases restoration without losing later focus history [250.59ms]
(pass) UI-001 mounted NavigationProvider raw URL/readiness/history > actual StrictMode mount preserves a pending foreign history request through focus and late refusal [356.44ms]
(pass) UI-001 mounted NavigationProvider raw URL/readiness/history > canonical page broadcasts beat stale list replies and former workspace replies are ignored [344.77ms]
(pass) UI-001 mounted NavigationProvider raw URL/readiness/history > popstate received before metadata readiness is reconciled when readiness returns [249.75ms]
(pass) UI-001 mounted NavigationProvider raw URL/readiness/history > queued page broadcast from the former A owner cannot publish after A to B to A [255.57ms]
(pass) UI-001 mounted NavigationProvider raw URL/readiness/history > blocked popstate retains its exact target through an actual panel resize [274.29ms]
(pass) UI-001 mounted NavigationProvider raw URL/readiness/history > workspace restoration waits for full readiness and resize cannot overwrite stored selection [280.79ms]
(pass) UI-001 mounted NavigationProvider raw URL/readiness/history > late create replies from former A ownership cannot navigate, prefill or send after A to B to A [479.40ms]
(pass) UI-001 mounted NavigationProvider raw URL/readiness/history > already scheduled input and send callbacks retain the original committed owner [286.05ms]
(pass) UI-001 mounted NavigationProvider raw URL/readiness/history > new navigation in the same workspace cancels an older deferred create response [449.11ms]
(pass) UI-001 mounted NavigationProvider raw URL/readiness/history > actual same-workspace Back cancels an older deferred create response [376.46ms]
(pass) UI-001 mounted NavigationProvider raw URL/readiness/history > focusing another existing panel cancels the former panel deferred create response [396.51ms]
(pass) UI-001 mounted NavigationProvider raw URL/readiness/history > focus away and back cannot regain an old deferred-create continuation [367.71ms]
(pass) UI-001 mounted NavigationProvider raw URL/readiness/history > the current new-panel create retains its own committed focus and delayed prefill [224.41ms]
(pass) UI-001 mounted NavigationProvider raw URL/readiness/history > current create actions still navigate, rename, prefill and send using actual callbacks [225.21ms]
(pass) UI-001 mounted NavigationProvider raw URL/readiness/history > session-created metadata cannot steal a pending list-route new-chat action and its prefill [396.71ms]
(pass) UI-001 mounted NavigationProvider raw URL/readiness/history > retained deep-link listener cannot create or send in a former workspace [350.96ms]
(pass) UI-001 mounted NavigationProvider raw URL/readiness/history > retained deep-link listeners stay disposed after workspace ABA and same-workspace readiness reinstall [428.72ms]
(pass) UI-001 mounted NavigationProvider raw URL/readiness/history > current deep-link listener retains raw query views and executes current action parameters [222.19ms]
(pass) UI-001 mounted NavigationProvider raw URL/readiness/history > remote-only ownership rotation installs a current deep-link listener with stable callbacks [239.13ms]
(pass) UI-001 mounted NavigationProvider raw URL/readiness/history > retained remote-owner listeners cannot navigate create or send after remote-only ABA [324.84ms]

 38 pass
 0 fail
 131 expect() calls
Ran 38 tests across 1 file. [14.76s]
