[2m[WebServer] [22m[0m[33mWarning[0m[2m:[0m [1mThe 'NO_COLOR' env is ignored due to the 'FORCE_COLOR' env being set.[0m
[2m[WebServer] [22m[0m      [2mat [0m[0m[1m[3mwarnOnDeactivatedColors[0m[2m ([0m[0m[36minternal:tty[0m[2m:[0m[33m33[0m[2m:[33m24[0m[2m)[0m
[2m[WebServer] [22m[0m      [2mat [0m[0m[1m[3mgetColorDepth[0m[2m ([0m[0m[36minternal:tty[0m[2m:[0m[33m42[0m[2m:[33m39[0m[2m)[0m
[2m[WebServer] [22m[0m      [2mat [0m[0m[1m[3mshouldColorize[0m[2m ([0m[0m[36minternal:util/colors[0m[2m:[0m[33m14[0m[2m:[33m109[0m[2m)[0m
[2m[WebServer] [22m[0m      [2mat [0m[0m[1m[3mrefresh[0m[2m ([0m[0m[36minternal:util/colors[0m[2m:[0m[33m18[0m[2m:[33m31[0m[2m)[0m
[2m[WebServer] [22m[0m      [2mat [0m[0m[1m[3minternal:util/colors[0m[2m ([0m[0m[36minternal:util/colors[0m[2m:[0m[33m24[0m[2m:[33m16[0m[2m)[0m
[2m[WebServer] [22m[0m      [2mat [0m[0m[1m[3minternal:assert/assertion_error[0m[2m ([0m[0m[36minternal:assert/assertion_error[0m[2m:[0m[33m2[0m[2m:[33m187[0m[2m)[0m
[2m[WebServer] [22m[0m      [2mat [0m[0m[1m[3mloadAssertionError[0m[2m ([0m[0m[36mnode:assert[0m[2m:[0m[33m28[0m[2m:[33m96[0m[2m)[0m
[2m[WebServer] [22m
[2m[WebServer] [22m[esbuild css minify]
[2m[WebServer] [22m▲ [WARNING] "file" is not a known CSS property [unsupported-css-property]
[2m[WebServer] [22m
[2m[WebServer] [22m    <stdin>:2221:168242:
[2m[WebServer] [22m      2221 │ ...gion:no-drag}.\[file\:path\]{file:path}.\[file\:src\/a\.ts\]{...
[2m[WebServer] [22m           │                                 ~~~~
[2m[WebServer] [22m           ╵                                 flex
[2m[WebServer] [22m
[2m[WebServer] [22m  Did you mean "flex" instead?
[2m[WebServer] [22m
[2m[WebServer] [22m
[2m[WebServer] [22m▲ [WARNING] "file" is not a known CSS property [unsupported-css-property]
[2m[WebServer] [22m
[2m[WebServer] [22m    <stdin>:2221:168274:
[2m[WebServer] [22m      2221 │ ...e:path}.\[file\:src\/a\.ts\]{file:src/a.ts}.\[file\:src\/inde...
[2m[WebServer] [22m           │                                 ~~~~
[2m[WebServer] [22m           ╵                                 flex
[2m[WebServer] [22m
[2m[WebServer] [22m  Did you mean "flex" instead?
[2m[WebServer] [22m
[2m[WebServer] [22m
[2m[WebServer] [22m▲ [WARNING] "file" is not a known CSS property [unsupported-css-property]
[2m[WebServer] [22m
[2m[WebServer] [22m    <stdin>:2221:168314:
[2m[WebServer] [22m      2221 │ ...ts}.\[file\:src\/index\.ts\]{file:src/index.ts}.\[folder\:doc...
[2m[WebServer] [22m           │                                 ~~~~
[2m[WebServer] [22m           ╵                                 flex
[2m[WebServer] [22m
[2m[WebServer] [22m  Did you mean "flex" instead?
[2m[WebServer] [22m
[2m[WebServer] [22m
[2m[WebServer] [22m
[2m[WebServer] [22m(!) Some chunks are larger than 500 kB after minification. Consider:
[2m[WebServer] [22m- Using dynamic import() to code-split the application
[2m[WebServer] [22m- Use build.rollupOptions.output.manualChunks to improve chunking: https://rollupjs.org/configuration-options/#output-manualchunks
[2m[WebServer] [22m- Adjust chunk size limit for this warning via build.chunkSizeWarningLimit.
[2m[WebServer] [22m[0m[33mWarning[0m[2m:[0m [1mThe 'NO_COLOR' env is ignored due to the 'FORCE_COLOR' env being set.[0m
[2m[WebServer] [22m[0m      [2mat [0m[0m[1m[3mwarnOnDeactivatedColors[0m[2m ([0m[0m[36minternal:tty[0m[2m:[0m[33m33[0m[2m:[33m24[0m[2m)[0m
[2m[WebServer] [22m[0m      [2mat [0m[0m[1m[3mgetColorDepth[0m[2m ([0m[0m[36minternal:tty[0m[2m:[0m[33m42[0m[2m:[33m39[0m[2m)[0m
[2m[WebServer] [22m[0m      [2mat [0m[0m[1m[3mshouldColorize[0m[2m ([0m[0m[36minternal:util/colors[0m[2m:[0m[33m14[0m[2m:[33m109[0m[2m)[0m
[2m[WebServer] [22m[0m      [2mat [0m[0m[1m[3mrefresh[0m[2m ([0m[0m[36minternal:util/colors[0m[2m:[0m[33m18[0m[2m:[33m31[0m[2m)[0m
[2m[WebServer] [22m[0m      [2mat [0m[0m[1m[3minternal:util/colors[0m[2m ([0m[0m[36minternal:util/colors[0m[2m:[0m[33m24[0m[2m:[33m16[0m[2m)[0m
[2m[WebServer] [22m[0m      [2mat [0m[0m[1m[3minternal:assert/assertion_error[0m[2m ([0m[0m[36minternal:assert/assertion_error[0m[2m:[0m[33m2[0m[2m:[33m187[0m[2m)[0m
[2m[WebServer] [22m[0m      [2mat [0m[0m[1m[3mloadAssertionError[0m[2m ([0m[0m[36mnode:assert[0m[2m:[0m[33m28[0m[2m:[33m96[0m[2m)[0m
[2m[WebServer] [22m

Running 2 tests using 1 worker

(node:191) Warning: The 'NO_COLOR' env is ignored due to the 'FORCE_COLOR' env being set.
(Use `node --trace-warnings ...` to show where the warning was created)
(node:191) Warning: The 'NO_COLOR' env is ignored due to the 'FORCE_COLOR' env being set.
(Use `node --trace-warnings ...` to show where the warning was created)
  ✓  1 catalog.spec.ts:102:1 › integrations: intersected category/type/search filters preserve unknown providers and recorded states (3.0s)
(node:281) Warning: The 'NO_COLOR' env is ignored due to the 'FORCE_COLOR' env being set.
(Use `node --trace-warnings ...` to show where the warning was created)
(node:281) Warning: The 'NO_COLOR' env is ignored due to the 'FORCE_COLOR' env being set.
(Use `node --trace-warnings ...` to show where the warning was created)
  ✓  2 performance.spec.ts:9:1 › production ingress and canvas measure 10000-event 20-agent load (10.7s)

  2 passed (1.0m)
