[2m[WebServer] [22m[0m[33mWarning[0m[2m:[0m [1mThe 'NO_COLOR' env is ignored due to the 'FORCE_COLOR' env being set.[0m
[2m[WebServer] [22m[0m      [2mat [0m[0m[1m[3mwarnOnDeactivatedColors[0m[2m ([0m[0m[36minternal:tty[0m[2m:[0m[33m33[0m[2m:[33m24[0m[2m)[0m
[2m[WebServer] [22m[0m      [2mat [0m[0m[1m[3mgetColorDepth[0m[2m ([0m[0m[36minternal:tty[0m[2m:[0m[33m42[0m[2m:[33m39[0m[2m)[0m
[2m[WebServer] [22m[0m      [2mat [0m[0m[1m[3mshouldColorize[0m[2m ([0m[0m[36minternal:util/colors[0m[2m:[0m[33m14[0m[2m:[33m109[0m[2m)[0m
[2m[WebServer] [22m[0m      [2mat [0m[0m[1m[3mrefresh[0m[2m ([0m[0m[36minternal:util/colors[0m[2m:[0m[33m18[0m[2m:[33m31[0m[2m)[0m
[2m[WebServer] [22m[0m      [2mat [0m[0m[1m[3minternal:util/colors[0m[2m ([0m[0m[36minternal:util/colors[0m[2m:[0m[33m24[0m[2m:[33m16[0m[2m)[0m
[2m[WebServer] [22m[0m      [2mat [0m[0m[1m[3minternal:assert/assertion_error[0m[2m ([0m[0m[36minternal:assert/assertion_error[0m[2m:[0m[33m2[0m[2m:[33m187[0m[2m)[0m
[2m[WebServer] [22m[0m      [2mat [0m[0m[1m[3mloadAssertionError[0m[2m ([0m[0m[36mnode:assert[0m[2m:[0m[33m28[0m[2m:[33m96[0m[2m)[0m
[2m[WebServer] [22m
[2m[WebServer] [22m[esbuild css minify]
[2m[WebServer] [22m▲ [WARNING] "file" is not a known CSS property [unsupported-css-property]
[2m[WebServer] [22m
[2m[WebServer] [22m    <stdin>:2221:168242:
[2m[WebServer] [22m      2221 │ ...gion:no-drag}.\[file\:path\]{file:path}.\[file\:src\/a\.ts\]{...
[2m[WebServer] [22m           │                                 ~~~~
[2m[WebServer] [22m           ╵                                 flex
[2m[WebServer] [22m
[2m[WebServer] [22m  Did you mean "flex" instead?
[2m[WebServer] [22m
[2m[WebServer] [22m
[2m[WebServer] [22m▲ [WARNING] "file" is not a known CSS property [unsupported-css-property]
[2m[WebServer] [22m
[2m[WebServer] [22m    <stdin>:2221:168274:
[2m[WebServer] [22m      2221 │ ...e:path}.\[file\:src\/a\.ts\]{file:src/a.ts}.\[file\:src\/inde...
[2m[WebServer] [22m           │                                 ~~~~
[2m[WebServer] [22m           ╵                                 flex
[2m[WebServer] [22m
[2m[WebServer] [22m  Did you mean "flex" instead?
[2m[WebServer] [22m
[2m[WebServer] [22m
[2m[WebServer] [22m▲ [WARNING] "file" is not a known CSS property [unsupported-css-property]
[2m[WebServer] [22m
[2m[WebServer] [22m    <stdin>:2221:168314:
[2m[WebServer] [22m      2221 │ ...ts}.\[file\:src\/index\.ts\]{file:src/index.ts}.\[folder\:doc...
[2m[WebServer] [22m           │                                 ~~~~
[2m[WebServer] [22m           ╵                                 flex
[2m[WebServer] [22m
[2m[WebServer] [22m  Did you mean "flex" instead?
[2m[WebServer] [22m
[2m[WebServer] [22m
[2m[WebServer] [22m
[2m[WebServer] [22m(!) Some chunks are larger than 500 kB after minification. Consider:
[2m[WebServer] [22m- Using dynamic import() to code-split the application
[2m[WebServer] [22m- Use build.rollupOptions.output.manualChunks to improve chunking: https://rollupjs.org/configuration-options/#output-manualchunks
[2m[WebServer] [22m- Adjust chunk size limit for this warning via build.chunkSizeWarningLimit.
[2m[WebServer] [22m[0m[33mWarning[0m[2m:[0m [1mThe 'NO_COLOR' env is ignored due to the 'FORCE_COLOR' env being set.[0m
[2m[WebServer] [22m[0m      [2mat [0m[0m[1m[3mwarnOnDeactivatedColors[0m[2m ([0m[0m[36minternal:tty[0m[2m:[0m[33m33[0m[2m:[33m24[0m[2m)[0m
[2m[WebServer] [22m[0m      [2mat [0m[0m[1m[3mgetColorDepth[0m[2m ([0m[0m[36minternal:tty[0m[2m:[0m[33m42[0m[2m:[33m39[0m[2m)[0m
[2m[WebServer] [22m[0m      [2mat [0m[0m[1m[3mshouldColorize[0m[2m ([0m[0m[36minternal:util/colors[0m[2m:[0m[33m14[0m[2m:[33m109[0m[2m)[0m
[2m[WebServer] [22m[0m      [2mat [0m[0m[1m[3mrefresh[0m[2m ([0m[0m[36minternal:util/colors[0m[2m:[0m[33m18[0m[2m:[33m31[0m[2m)[0m
[2m[WebServer] [22m[0m      [2mat [0m[0m[1m[3minternal:util/colors[0m[2m ([0m[0m[36minternal:util/colors[0m[2m:[0m[33m24[0m[2m:[33m16[0m[2m)[0m
[2m[WebServer] [22m[0m      [2mat [0m[0m[1m[3minternal:assert/assertion_error[0m[2m ([0m[0m[36minternal:assert/assertion_error[0m[2m:[0m[33m2[0m[2m:[33m187[0m[2m)[0m
[2m[WebServer] [22m[0m      [2mat [0m[0m[1m[3mloadAssertionError[0m[2m ([0m[0m[36mnode:assert[0m[2m:[0m[33m28[0m[2m:[33m96[0m[2m)[0m
[2m[WebServer] [22m

Running 3 tests using 1 worker

(node:140) Warning: The 'NO_COLOR' env is ignored due to the 'FORCE_COLOR' env being set.
(Use `node --trace-warnings ...` to show where the warning was created)
(node:140) Warning: The 'NO_COLOR' env is ignored due to the 'FORCE_COLOR' env being set.
(Use `node --trace-warnings ...` to show where the warning was created)
  ✓  1 continuity.spec.ts:30:1 › pending credential input and existing draft survive map toggles without a response (3.4s)
  ✘  2 continuity.spec.ts:44:1 › the retained production editor restores pins, branch ports and saved versions (12.5s)
(node:250) Warning: The 'NO_COLOR' env is ignored due to the 'FORCE_COLOR' env being set.
(Use `node --trace-warnings ...` to show where the warning was created)
(node:250) Warning: The 'NO_COLOR' env is ignored due to the 'FORCE_COLOR' env being set.
(Use `node --trace-warnings ...` to show where the warning was created)
  ✓  3 stream.spec.ts:5:1 › real ChatDisplay stays mounted while the journal streams into the right dock (7.6s)


  1) continuity.spec.ts:44:1 › the retained production editor restores pins, branch ports and saved versions

    TimeoutError: locator.click: Timeout 10000ms exceeded.
    Call log:
    [2m  - waiting for getByRole('tab', { name: 'Редактор', exact: true })[22m


      45 |   await page.goto('/?editor=1', { waitUntil: 'domcontentloaded' })
      46 |   await page.getByTestId('toggle-map').click()
    > 47 |   await page.getByRole('tab', { name: 'Редактор', exact: true }).click()
         |                                                                  ^
      48 |   await expect(page.getByTestId('map-toolbar')).toBeVisible()
      49 |   await expect(page.getByTestId('map-add-node')).toBeVisible()
      50 |   const editor = page.locator('.runtime-editor-slot')
        at /workspace/scratch/d0a9c1c6c094/worktrees/validation/tests/e2e/runtime-map/continuity.spec.ts:47:66

    attachment #1: screenshot (image/png) ──────────────────────────────────────────────────────────
    docs/evidence/runtime-map/browser-artifacts/functional-readable-final/continuity-the-retained-pr-90cae-ch-ports-and-saved-versions/test-failed-1.png
    ────────────────────────────────────────────────────────────────────────────────────────────────

    attachment #2: video (video/webm) ──────────────────────────────────────────────────────────────
    docs/evidence/runtime-map/browser-artifacts/functional-readable-final/continuity-the-retained-pr-90cae-ch-ports-and-saved-versions/video.webm
    ────────────────────────────────────────────────────────────────────────────────────────────────

    attachment #3: trace (application/zip) ─────────────────────────────────────────────────────────
    docs/evidence/runtime-map/browser-artifacts/functional-readable-final/continuity-the-retained-pr-90cae-ch-ports-and-saved-versions/trace.zip
    Usage:

        npx playwright show-trace docs/evidence/runtime-map/browser-artifacts/functional-readable-final/continuity-the-retained-pr-90cae-ch-ports-and-saved-versions/trace.zip

    ────────────────────────────────────────────────────────────────────────────────────────────────

  Slow test file: continuity.spec.ts (15.9s)
  Consider splitting slow test files to speed up parallel execution
  1 failed
    continuity.spec.ts:44:1 › the retained production editor restores pins, branch ports and saved versions
  2 passed (1.2m)
