[2m[WebServer] [22m[0m[33mWarning[0m[2m:[0m [1mThe 'NO_COLOR' env is ignored due to the 'FORCE_COLOR' env being set.[0m
[2m[WebServer] [22m[0m      [2mat [0m[0m[1m[3mwarnOnDeactivatedColors[0m[2m ([0m[0m[36minternal:tty[0m[2m:[0m[33m33[0m[2m:[33m24[0m[2m)[0m
[2m[WebServer] [22m[0m      [2mat [0m[0m[1m[3mgetColorDepth[0m[2m ([0m[0m[36minternal:tty[0m[2m:[0m[33m42[0m[2m:[33m39[0m[2m)[0m
[2m[WebServer] [22m[0m      [2mat [0m[0m[1m[3mshouldColorize[0m[2m ([0m[0m[36minternal:util/colors[0m[2m:[0m[33m14[0m[2m:[33m109[0m[2m)[0m
[2m[WebServer] [22m[0m      [2mat [0m[0m[1m[3mrefresh[0m[2m ([0m[0m[36minternal:util/colors[0m[2m:[0m[33m18[0m[2m:[33m31[0m[2m)[0m
[2m[WebServer] [22m[0m      [2mat [0m[0m[1m[3minternal:util/colors[0m[2m ([0m[0m[36minternal:util/colors[0m[2m:[0m[33m24[0m[2m:[33m16[0m[2m)[0m
[2m[WebServer] [22m[0m      [2mat [0m[0m[1m[3minternal:assert/assertion_error[0m[2m ([0m[0m[36minternal:assert/assertion_error[0m[2m:[0m[33m2[0m[2m:[33m187[0m[2m)[0m
[2m[WebServer] [22m[0m      [2mat [0m[0m[1m[3mloadAssertionError[0m[2m ([0m[0m[36mnode:assert[0m[2m:[0m[33m28[0m[2m:[33m96[0m[2m)[0m
[2m[WebServer] [22m

Running 12 tests using 1 worker

(node:118) Warning: The 'NO_COLOR' env is ignored due to the 'FORCE_COLOR' env being set.
(Use `node --trace-warnings ...` to show where the warning was created)
(node:118) Warning: The 'NO_COLOR' env is ignored due to the 'FORCE_COLOR' env being set.
(Use `node --trace-warnings ...` to show where the warning was created)
  ✓  1 catalog.spec.ts:49:5 › production catalogs light 1280: actual rows, unknown metadata and bounded layout (3.1s)
  ✓  2 catalog.spec.ts:49:5 › production catalogs light 1440: actual rows, unknown metadata and bounded layout (2.2s)
  ✓  3 catalog.spec.ts:49:5 › production catalogs light 1920: actual rows, unknown metadata and bounded layout (2.2s)
  ✓  4 catalog.spec.ts:49:5 › production catalogs dark 1280: actual rows, unknown metadata and bounded layout (2.2s)
  ✓  5 catalog.spec.ts:49:5 › production catalogs dark 1440: actual rows, unknown metadata and bounded layout (2.1s)
  ✓  6 catalog.spec.ts:49:5 › production catalogs dark 1920: actual rows, unknown metadata and bounded layout (2.3s)
  ✘  7 context.spec.ts:5:49 › grouped context is read-only and preserves root/child provenance in light (1.6s)
(node:317) Warning: The 'NO_COLOR' env is ignored due to the 'FORCE_COLOR' env being set.
(Use `node --trace-warnings ...` to show where the warning was created)
(node:317) Warning: The 'NO_COLOR' env is ignored due to the 'FORCE_COLOR' env being set.
(Use `node --trace-warnings ...` to show where the warning was created)
  ✘  8 context.spec.ts:5:49 › grouped context is read-only and preserves root/child provenance in dark (2.0s)
(node:400) Warning: The 'NO_COLOR' env is ignored due to the 'FORCE_COLOR' env being set.
(Use `node --trace-warnings ...` to show where the warning was created)
(node:400) Warning: The 'NO_COLOR' env is ignored due to the 'FORCE_COLOR' env being set.
(Use `node --trace-warnings ...` to show where the warning was created)
  ✓  9 overview.spec.ts:5:1 › actual Fit overview shows the 200-card runtime window before panning (3.3s)
  ✓  10 stream.spec.ts:5:1 › real ChatDisplay stays mounted while the journal streams into the right dock (5.3s)
  ✓  11 stream.spec.ts:53:1 › pending permission and draft survive toggles in dark and narrow layouts (2.7s)
  ✓  12 stream.spec.ts:84:1 › empty production chat keeps ROX welcome and suggestions above the lower composer (2.2s)


  1) context.spec.ts:5:49 › grouped context is read-only and preserves root/child provenance in light 

    Error: [2mexpect([22m[31mreceived[39m[2m).[22mtoBe[2m([22m[32mexpected[39m[2m) // Object.is equality[22m

    Expected: [32mtrue[39m
    Received: [31mfalse[39m

      13 |   await expect(page.getByTestId('received-count')).toHaveText('2')
      14 |   const fixtureResponse = await request.post(`${server}/context-fixture`, { data: {} })
    > 15 |   expect(fixtureResponse.ok()).toBe(true)
         |                                ^
      16 |   const fixture = await fixtureResponse.json()
      17 |   const before = await (await request.get(`${server}/stats`)).json()
      18 |   await page.getByTestId('toggle-map').click()
        at /workspace/scratch/d0a9c1c6c094/worktrees/validation/tests/e2e/runtime-map/context.spec.ts:15:32

    attachment #1: screenshot (image/png) ──────────────────────────────────────────────────────────
    docs/evidence/runtime-map/browser-artifacts/final-sourcefreeze-f02-headless-shell/context-grouped-context-is-22a30-t-child-provenance-in-light/test-failed-1.png
    ────────────────────────────────────────────────────────────────────────────────────────────────

    attachment #2: video (video/webm) ──────────────────────────────────────────────────────────────
    docs/evidence/runtime-map/browser-artifacts/final-sourcefreeze-f02-headless-shell/context-grouped-context-is-22a30-t-child-provenance-in-light/video.webm
    ────────────────────────────────────────────────────────────────────────────────────────────────

    attachment #3: trace (application/zip) ─────────────────────────────────────────────────────────
    docs/evidence/runtime-map/browser-artifacts/final-sourcefreeze-f02-headless-shell/context-grouped-context-is-22a30-t-child-provenance-in-light/trace.zip
    Usage:

        npx playwright show-trace docs/evidence/runtime-map/browser-artifacts/final-sourcefreeze-f02-headless-shell/context-grouped-context-is-22a30-t-child-provenance-in-light/trace.zip

    ────────────────────────────────────────────────────────────────────────────────────────────────

  2) context.spec.ts:5:49 › grouped context is read-only and preserves root/child provenance in dark 

    Error: [2mexpect([22m[31mreceived[39m[2m).[22mtoBe[2m([22m[32mexpected[39m[2m) // Object.is equality[22m

    Expected: [32mtrue[39m
    Received: [31mfalse[39m

      13 |   await expect(page.getByTestId('received-count')).toHaveText('2')
      14 |   const fixtureResponse = await request.post(`${server}/context-fixture`, { data: {} })
    > 15 |   expect(fixtureResponse.ok()).toBe(true)
         |                                ^
      16 |   const fixture = await fixtureResponse.json()
      17 |   const before = await (await request.get(`${server}/stats`)).json()
      18 |   await page.getByTestId('toggle-map').click()
        at /workspace/scratch/d0a9c1c6c094/worktrees/validation/tests/e2e/runtime-map/context.spec.ts:15:32

    attachment #1: screenshot (image/png) ──────────────────────────────────────────────────────────
    docs/evidence/runtime-map/browser-artifacts/final-sourcefreeze-f02-headless-shell/context-grouped-context-is-bcf5c-ot-child-provenance-in-dark/test-failed-1.png
    ────────────────────────────────────────────────────────────────────────────────────────────────

    attachment #2: video (video/webm) ──────────────────────────────────────────────────────────────
    docs/evidence/runtime-map/browser-artifacts/final-sourcefreeze-f02-headless-shell/context-grouped-context-is-bcf5c-ot-child-provenance-in-dark/video.webm
    ────────────────────────────────────────────────────────────────────────────────────────────────

    attachment #3: trace (application/zip) ─────────────────────────────────────────────────────────
    docs/evidence/runtime-map/browser-artifacts/final-sourcefreeze-f02-headless-shell/context-grouped-context-is-bcf5c-ot-child-provenance-in-dark/trace.zip
    Usage:

        npx playwright show-trace docs/evidence/runtime-map/browser-artifacts/final-sourcefreeze-f02-headless-shell/context-grouped-context-is-bcf5c-ot-child-provenance-in-dark/trace.zip

    ────────────────────────────────────────────────────────────────────────────────────────────────

  2 failed
    context.spec.ts:5:49 › grouped context is read-only and preserves root/child provenance in light 
    context.spec.ts:5:49 › grouped context is read-only and preserves root/child provenance in dark 
  10 passed (35.7s)
