[2m[WebServer] [22m[0m[33mWarning[0m[2m:[0m [1mThe 'NO_COLOR' env is ignored due to the 'FORCE_COLOR' env being set.[0m
[2m[WebServer] [22m[0m      [2mat [0m[0m[1m[3mwarnOnDeactivatedColors[0m[2m ([0m[0m[36minternal:tty[0m[2m:[0m[33m33[0m[2m:[33m24[0m[2m)[0m
[2m[WebServer] [22m[0m      [2mat [0m[0m[1m[3mgetColorDepth[0m[2m ([0m[0m[36minternal:tty[0m[2m:[0m[33m42[0m[2m:[33m39[0m[2m)[0m
[2m[WebServer] [22m[0m      [2mat [0m[0m[1m[3mshouldColorize[0m[2m ([0m[0m[36minternal:util/colors[0m[2m:[0m[33m14[0m[2m:[33m109[0m[2m)[0m
[2m[WebServer] [22m[0m      [2mat [0m[0m[1m[3mrefresh[0m[2m ([0m[0m[36minternal:util/colors[0m[2m:[0m[33m18[0m[2m:[33m31[0m[2m)[0m
[2m[WebServer] [22m[0m      [2mat [0m[0m[1m[3minternal:util/colors[0m[2m ([0m[0m[36minternal:util/colors[0m[2m:[0m[33m24[0m[2m:[33m16[0m[2m)[0m
[2m[WebServer] [22m[0m      [2mat [0m[0m[1m[3minternal:assert/assertion_error[0m[2m ([0m[0m[36minternal:assert/assertion_error[0m[2m:[0m[33m2[0m[2m:[33m187[0m[2m)[0m
[2m[WebServer] [22m[0m      [2mat [0m[0m[1m[3mloadAssertionError[0m[2m ([0m[0m[36mnode:assert[0m[2m:[0m[33m28[0m[2m:[33m96[0m[2m)[0m
[2m[WebServer] [22m
[2m[WebServer] [22m[esbuild css minify]
[2m[WebServer] [22m▲ [WARNING] "file" is not a known CSS property [unsupported-css-property]
[2m[WebServer] [22m
[2m[WebServer] [22m    <stdin>:2221:168242:
[2m[WebServer] [22m      2221 │ ...gion:no-drag}.\[file\:path\]{file:path}.\[file\:src\/a\.ts\]{...
[2m[WebServer] [22m           │                                 ~~~~
[2m[WebServer] [22m           ╵                                 flex
[2m[WebServer] [22m
[2m[WebServer] [22m  Did you mean "flex" instead?
[2m[WebServer] [22m
[2m[WebServer] [22m
[2m[WebServer] [22m▲ [WARNING] "file" is not a known CSS property [unsupported-css-property]
[2m[WebServer] [22m
[2m[WebServer] [22m    <stdin>:2221:168274:
[2m[WebServer] [22m      2221 │ ...e:path}.\[file\:src\/a\.ts\]{file:src/a.ts}.\[file\:src\/inde...
[2m[WebServer] [22m           │                                 ~~~~
[2m[WebServer] [22m           ╵                                 flex
[2m[WebServer] [22m
[2m[WebServer] [22m  Did you mean "flex" instead?
[2m[WebServer] [22m
[2m[WebServer] [22m
[2m[WebServer] [22m▲ [WARNING] "file" is not a known CSS property [unsupported-css-property]
[2m[WebServer] [22m
[2m[WebServer] [22m    <stdin>:2221:168314:
[2m[WebServer] [22m      2221 │ ...ts}.\[file\:src\/index\.ts\]{file:src/index.ts}.\[folder\:doc...
[2m[WebServer] [22m           │                                 ~~~~
[2m[WebServer] [22m           ╵                                 flex
[2m[WebServer] [22m
[2m[WebServer] [22m  Did you mean "flex" instead?
[2m[WebServer] [22m
[2m[WebServer] [22m
[2m[WebServer] [22m
[2m[WebServer] [22m(!) Some chunks are larger than 500 kB after minification. Consider:
[2m[WebServer] [22m- Using dynamic import() to code-split the application
[2m[WebServer] [22m- Use build.rollupOptions.output.manualChunks to improve chunking: https://rollupjs.org/configuration-options/#output-manualchunks
[2m[WebServer] [22m- Adjust chunk size limit for this warning via build.chunkSizeWarningLimit.
[2m[WebServer] [22m[0m[33mWarning[0m[2m:[0m [1mThe 'NO_COLOR' env is ignored due to the 'FORCE_COLOR' env being set.[0m
[2m[WebServer] [22m[0m      [2mat [0m[0m[1m[3mwarnOnDeactivatedColors[0m[2m ([0m[0m[36minternal:tty[0m[2m:[0m[33m33[0m[2m:[33m24[0m[2m)[0m
[2m[WebServer] [22m[0m      [2mat [0m[0m[1m[3mgetColorDepth[0m[2m ([0m[0m[36minternal:tty[0m[2m:[0m[33m42[0m[2m:[33m39[0m[2m)[0m
[2m[WebServer] [22m[0m      [2mat [0m[0m[1m[3mshouldColorize[0m[2m ([0m[0m[36minternal:util/colors[0m[2m:[0m[33m14[0m[2m:[33m109[0m[2m)[0m
[2m[WebServer] [22m[0m      [2mat [0m[0m[1m[3mrefresh[0m[2m ([0m[0m[36minternal:util/colors[0m[2m:[0m[33m18[0m[2m:[33m31[0m[2m)[0m
[2m[WebServer] [22m[0m      [2mat [0m[0m[1m[3minternal:util/colors[0m[2m ([0m[0m[36minternal:util/colors[0m[2m:[0m[33m24[0m[2m:[33m16[0m[2m)[0m
[2m[WebServer] [22m[0m      [2mat [0m[0m[1m[3minternal:assert/assertion_error[0m[2m ([0m[0m[36minternal:assert/assertion_error[0m[2m:[0m[33m2[0m[2m:[33m187[0m[2m)[0m
[2m[WebServer] [22m[0m      [2mat [0m[0m[1m[3mloadAssertionError[0m[2m ([0m[0m[36mnode:assert[0m[2m:[0m[33m28[0m[2m:[33m96[0m[2m)[0m
[2m[WebServer] [22m

Running 4 tests using 1 worker

(node:142) Warning: The 'NO_COLOR' env is ignored due to the 'FORCE_COLOR' env being set.
(Use `node --trace-warnings ...` to show where the warning was created)
(node:142) Warning: The 'NO_COLOR' env is ignored due to the 'FORCE_COLOR' env being set.
(Use `node --trace-warnings ...` to show where the warning was created)
  ✓  1 continuity.spec.ts:5:1 › historical scroll and an actual map-to-chat message anchor retain the dock (5.0s)
  ✘  2 continuity.spec.ts:30:1 › pending credential input and existing draft survive map toggles without a response (1.2s)
(node:246) Warning: The 'NO_COLOR' env is ignored due to the 'FORCE_COLOR' env being set.
(Use `node --trace-warnings ...` to show where the warning was created)
(node:246) Warning: The 'NO_COLOR' env is ignored due to the 'FORCE_COLOR' env being set.
(Use `node --trace-warnings ...` to show where the warning was created)
  ✘  3 continuity.spec.ts:44:1 › the retained production editor restores pins, branch ports and saved versions (1.1m)
(node:344) Warning: The 'NO_COLOR' env is ignored due to the 'FORCE_COLOR' env being set.
(Use `node --trace-warnings ...` to show where the warning was created)
(node:344) Warning: The 'NO_COLOR' env is ignored due to the 'FORCE_COLOR' env being set.
(Use `node --trace-warnings ...` to show where the warning was created)
  ✓  4 continuity.spec.ts:77:1 › ROX welcome and the lower composer work at 1920 in dark reduced-motion mode (2.2s)


  1) continuity.spec.ts:30:1 › pending credential input and existing draft survive map toggles without a response

    Error: expect.toBeVisible: Error: strict mode violation: locator('#credential-value') resolved to 2 elements:
        1) <input value="" type="password" data-slot="input" name="credential" id="credential-value" autocomplete="current-password" placeholder="Введите Bearer-токен" class="flex h-9 w-full rounded-md border border-foreground/[0.07] bg-transparent px-3 py-1 text-base transition-colors file:border-0 file:bg-transparent file:text-sm file:font-medium file:text-foreground placeholder:text-muted-foreground focus-visible:outline-none focus-visible:ring-1 focus-visible:ring-foreground/30 disabled:cursor-not-allowed d…/> aka getByLabel('Bearer-токен')
        2) <input value="" type="password" data-slot="input" name="credential" id="credential-value" autocomplete="current-password" placeholder="Введите Bearer-токен" class="flex h-9 w-full rounded-md border border-foreground/[0.07] bg-transparent px-3 py-1 text-base transition-colors file:border-0 file:bg-transparent file:text-sm file:font-medium file:text-foreground placeholder:text-muted-foreground focus-visible:outline-none focus-visible:ring-1 focus-visible:ring-foreground/30 disabled:cursor-not-allowed d…/> aka getByRole('textbox', { name: 'Введите Bearer-токен' })

    Call log:
    [2m  - expect.toBeVisible with timeout 10000ms[22m
    [2m  - waiting for locator('#credential-value')[22m


      31 |   await page.goto('/?credential=1', { waitUntil: 'domcontentloaded' })
      32 |   const credential = page.locator('#credential-value')
    > 33 |   await expect(credential).toBeVisible()
         |                            ^
      34 |   await credential.fill('isolated-test-only')
      35 |   await page.getByTestId('attach-fixture').click()
      36 |   for (let cycle = 0; cycle < 3; cycle++) { await page.getByTestId('toggle-map').click(); await page.getByTestId('toggle-map').click() }
        at /workspace/scratch/d0a9c1c6c094/worktrees/validation/tests/e2e/runtime-map/continuity.spec.ts:33:28

    attachment #1: screenshot (image/png) ──────────────────────────────────────────────────────────
    docs/evidence/runtime-map/browser-artifacts/continuity-after-main/continuity-pending-credent-ba481--toggles-without-a-response/test-failed-1.png
    ────────────────────────────────────────────────────────────────────────────────────────────────

    attachment #2: video (video/webm) ──────────────────────────────────────────────────────────────
    docs/evidence/runtime-map/browser-artifacts/continuity-after-main/continuity-pending-credent-ba481--toggles-without-a-response/video.webm
    ────────────────────────────────────────────────────────────────────────────────────────────────

    attachment #3: trace (application/zip) ─────────────────────────────────────────────────────────
    docs/evidence/runtime-map/browser-artifacts/continuity-after-main/continuity-pending-credent-ba481--toggles-without-a-response/trace.zip
    Usage:

        npx playwright show-trace docs/evidence/runtime-map/browser-artifacts/continuity-after-main/continuity-pending-credent-ba481--toggles-without-a-response/trace.zip

    ────────────────────────────────────────────────────────────────────────────────────────────────

  2) continuity.spec.ts:44:1 › the retained production editor restores pins, branch ports and saved versions

    [31mTest timeout of 60000ms exceeded.[39m

    Error: locator.click: Test timeout of 60000ms exceeded.
    Call log:
    [2m  - waiting for getByTestId('toggle-map')[22m


      44 | test('the retained production editor restores pins, branch ports and saved versions', async ({ page }, info) => {
      45 |   await page.goto('/?editor=1', { waitUntil: 'domcontentloaded' })
    > 46 |   await page.getByTestId('toggle-map').click()
         |                                        ^
      47 |   await page.getByRole('tab', { name: 'Редактор', exact: true }).click()
      48 |   await expect(page.getByTestId('map-toolbar')).toBeVisible()
      49 |   await expect(page.getByTestId('map-add-node')).toBeVisible()
        at /workspace/scratch/d0a9c1c6c094/worktrees/validation/tests/e2e/runtime-map/continuity.spec.ts:46:40

    attachment #1: screenshot (image/png) ──────────────────────────────────────────────────────────
    docs/evidence/runtime-map/browser-artifacts/continuity-after-main/continuity-the-retained-pr-90cae-ch-ports-and-saved-versions/test-failed-1.png
    ────────────────────────────────────────────────────────────────────────────────────────────────

    attachment #2: video (video/webm) ──────────────────────────────────────────────────────────────
    docs/evidence/runtime-map/browser-artifacts/continuity-after-main/continuity-the-retained-pr-90cae-ch-ports-and-saved-versions/video.webm
    ────────────────────────────────────────────────────────────────────────────────────────────────

    attachment #3: trace (application/zip) ─────────────────────────────────────────────────────────
    docs/evidence/runtime-map/browser-artifacts/continuity-after-main/continuity-the-retained-pr-90cae-ch-ports-and-saved-versions/trace.zip
    Usage:

        npx playwright show-trace docs/evidence/runtime-map/browser-artifacts/continuity-after-main/continuity-the-retained-pr-90cae-ch-ports-and-saved-versions/trace.zip

    ────────────────────────────────────────────────────────────────────────────────────────────────

  2 failed
    continuity.spec.ts:30:1 › pending credential input and existing draft survive map toggles without a response
    continuity.spec.ts:44:1 › the retained production editor restores pins, branch ports and saved versions
  2 passed (1.9m)
