[2m[WebServer] [22m[0m[33mWarning[0m[2m:[0m [1mThe 'NO_COLOR' env is ignored due to the 'FORCE_COLOR' env being set.[0m
[2m[WebServer] [22m[0m      [2mat [0m[0m[1m[3mwarnOnDeactivatedColors[0m[2m ([0m[0m[36minternal:tty[0m[2m:[0m[33m33[0m[2m:[33m24[0m[2m)[0m
[2m[WebServer] [22m[0m      [2mat [0m[0m[1m[3mgetColorDepth[0m[2m ([0m[0m[36minternal:tty[0m[2m:[0m[33m42[0m[2m:[33m39[0m[2m)[0m
[2m[WebServer] [22m[0m      [2mat [0m[0m[1m[3mshouldColorize[0m[2m ([0m[0m[36minternal:util/colors[0m[2m:[0m[33m14[0m[2m:[33m109[0m[2m)[0m
[2m[WebServer] [22m[0m      [2mat [0m[0m[1m[3mrefresh[0m[2m ([0m[0m[36minternal:util/colors[0m[2m:[0m[33m18[0m[2m:[33m31[0m[2m)[0m
[2m[WebServer] [22m[0m      [2mat [0m[0m[1m[3minternal:util/colors[0m[2m ([0m[0m[36minternal:util/colors[0m[2m:[0m[33m24[0m[2m:[33m16[0m[2m)[0m
[2m[WebServer] [22m[0m      [2mat [0m[0m[1m[3minternal:assert/assertion_error[0m[2m ([0m[0m[36minternal:assert/assertion_error[0m[2m:[0m[33m2[0m[2m:[33m187[0m[2m)[0m
[2m[WebServer] [22m[0m      [2mat [0m[0m[1m[3mloadAssertionError[0m[2m ([0m[0m[36mnode:assert[0m[2m:[0m[33m28[0m[2m:[33m96[0m[2m)[0m
[2m[WebServer] [22m

Running 19 tests using 1 worker

(node:154) Warning: The 'NO_COLOR' env is ignored due to the 'FORCE_COLOR' env being set.
(Use `node --trace-warnings ...` to show where the warning was created)
(node:154) Warning: The 'NO_COLOR' env is ignored due to the 'FORCE_COLOR' env being set.
(Use `node --trace-warnings ...` to show where the warning was created)
  ✓  1 catalog.spec.ts:22:5 › production catalogs light 1280: actual rows, unknown metadata and bounded layout (2.8s)
  ✓  2 catalog.spec.ts:22:5 › production catalogs light 1440: actual rows, unknown metadata and bounded layout (2.7s)
  ✓  3 catalog.spec.ts:22:5 › production catalogs light 1920: actual rows, unknown metadata and bounded layout (2.2s)
  ✓  4 catalog.spec.ts:22:5 › production catalogs dark 1280: actual rows, unknown metadata and bounded layout (2.3s)
  ✓  5 catalog.spec.ts:22:5 › production catalogs dark 1440: actual rows, unknown metadata and bounded layout (2.7s)
  ✓  6 catalog.spec.ts:22:5 › production catalogs dark 1920: actual rows, unknown metadata and bounded layout (2.6s)
  ✓  7 catalog.spec.ts:63:1 › skills: keyboard search/category/scope, dependencies, navigation and real selection atoms (2.1s)
  ✘  8 catalog.spec.ts:102:1 › integrations: intersected category/type/search filters preserve unknown providers and recorded states (11.5s)
(node:553) Warning: The 'NO_COLOR' env is ignored due to the 'FORCE_COLOR' env being set.
(Use `node --trace-warnings ...` to show where the warning was created)
(node:553) Warning: The 'NO_COLOR' env is ignored due to the 'FORCE_COLOR' env being set.
(Use `node --trace-warnings ...` to show where the warning was created)
  ✓  9 catalog.spec.ts:133:1 › source navigator: existing modifier selection, Escape and arrow navigation remain functional (2.2s)
  ✓  10 catalog.spec.ts:152:1 › pack toggle persists through the real installer and readback, retaining the other pack (2.0s)
  ✓  11 continuity.spec.ts:5:1 › historical scroll and an actual map-to-chat message anchor retain the dock (4.3s)
  ✓  12 continuity.spec.ts:30:1 › pending credential input and existing draft survive map toggles without a response (2.0s)
  ✓  13 continuity.spec.ts:44:1 › the retained production editor restores pins, branch ports and saved versions (3.1s)
  ✓  14 continuity.spec.ts:77:1 › ROX welcome and the lower composer work at 1920 in dark reduced-motion mode (1.6s)
  ✓  15 continuity.spec.ts:87:1 › a historical event requested before snapshot load resolves read-only in its original run (1.9s)
  ✓  16 stream.spec.ts:5:1 › real ChatDisplay stays mounted while the journal streams into the right dock (4.8s)
  ✓  17 stream.spec.ts:53:1 › pending permission and draft survive toggles in dark and narrow layouts (2.8s)
  ✓  18 stream.spec.ts:82:1 › empty production chat keeps ROX welcome and suggestions above the lower composer (1.8s)
(node:1006) Warning: The 'NO_COLOR' env is ignored due to the 'FORCE_COLOR' env being set.
(Use `node --trace-warnings ...` to show where the warning was created)
(node:1006) Warning: The 'NO_COLOR' env is ignored due to the 'FORCE_COLOR' env being set.
(Use `node --trace-warnings ...` to show where the warning was created)
  ✘  19 performance.spec.ts:9:1 › production ingress and canvas measure 10000-event 20-agent load (11.3s)


  1) catalog.spec.ts:102:1 › integrations: intersected category/type/search filters preserve unknown providers and recorded states

    Error: [31mTimed out 10000ms waiting for [39m[2mexpect([22m[31mlocator[39m[2m).[22mtoBeVisible[2m()[22m

    Locator: locator('[data-source-id="custom-source"]')
    Expected: visible
    Received: <element(s) not found>
    Call log:
    [2m  - expect.toBeVisible with timeout 10000ms[22m
    [2m  - waiting for locator('[data-source-id="custom-source"]')[22m


      113 |   const search = page.getByRole('searchbox', { name: copy('capabilityCatalog.searchIntegrations') })
      114 |   await search.focus(); await search.pressSequentially('custom-warehouse')
    > 115 |   await expect(page.locator('[data-source-id="custom-source"]')).toBeVisible()
          |                                                                  ^
      116 |   await page.locator('[data-source-id="custom-source"]').getByRole('button', { name: copy('capabilityCatalog.details'), exact: true }).press('Enter')
      117 |   await expect(page.getByTestId('catalog-navigation-route')).toHaveText(routes.view.sources({ sourceSlug: 'custom-source' }))
      118 |   await search.fill(''); await type.selectOption('all')
        at /workspace/scratch/d0a9c1c6c094/worktrees/validation/tests/e2e/runtime-map/catalog.spec.ts:115:66

    attachment #1: screenshot (image/png) ──────────────────────────────────────────────────────────
    docs/evidence/runtime-map/browser-artifacts/final-integrated/catalog-integrations-inter-210d3-oviders-and-recorded-states/test-failed-1.png
    ────────────────────────────────────────────────────────────────────────────────────────────────

    attachment #2: video (video/webm) ──────────────────────────────────────────────────────────────
    docs/evidence/runtime-map/browser-artifacts/final-integrated/catalog-integrations-inter-210d3-oviders-and-recorded-states/video.webm
    ────────────────────────────────────────────────────────────────────────────────────────────────

    attachment #3: trace (application/zip) ─────────────────────────────────────────────────────────
    docs/evidence/runtime-map/browser-artifacts/final-integrated/catalog-integrations-inter-210d3-oviders-and-recorded-states/trace.zip
    Usage:

        npx playwright show-trace docs/evidence/runtime-map/browser-artifacts/final-integrated/catalog-integrations-inter-210d3-oviders-and-recorded-states/trace.zip

    ────────────────────────────────────────────────────────────────────────────────────────────────

  2) performance.spec.ts:9:1 › production ingress and canvas measure 10000-event 20-agent load ─────

    Error: [2mexpect([22m[31mreceived[39m[2m).[22mtoBeGreaterThanOrEqual[2m([22m[32mexpected[39m[2m)[22m

    Expected: >= [32m180[39m
    Received:    [31m2[39m

    Call Log:
    - Timeout 10000ms exceeded while waiting on the predicate

      26 |   for (let index = 0; index < 20; index++) deltas.push(await page.evaluate(async () => (window as unknown as { runtimePerformance: { measureVisibleUpdate(): Promise<number> } }).runtimePerformance.measureVisibleUpdate()))
      27 |   await page.getByRole('button', { name: 'Показать видимые события целиком', exact: true }).click()
    > 28 |   await expect.poll(() => page.getByTestId('runtime-node').count()).toBeGreaterThanOrEqual(180)
         |   ^
      29 |   await expect.poll(() => page.evaluate(() => JSON.parse(localStorage.getItem('rox.runtime-map.camera:fixture-workspace:fixture-session:test-panel') ?? '{}').zoom ?? 1)).toBeLessThan(.05)
      30 |   const denseMountedCards = await page.getByTestId('runtime-node').count()
      31 |   const denseVisibleCards = await page.getByTestId('runtime-node').evaluateAll(cards => cards.filter(card => {
        at /workspace/scratch/d0a9c1c6c094/worktrees/validation/tests/e2e/runtime-map/performance.spec.ts:28:3

    attachment #1: screenshot (image/png) ──────────────────────────────────────────────────────────
    docs/evidence/runtime-map/browser-artifacts/final-integrated/performance-production-ing-75cf7-e-10000-event-20-agent-load/test-failed-1.png
    ────────────────────────────────────────────────────────────────────────────────────────────────

  2 failed
    catalog.spec.ts:102:1 › integrations: intersected category/type/search filters preserve unknown providers and recorded states
    performance.spec.ts:9:1 › production ingress and canvas measure 10000-event 20-agent load ──────
  17 passed (1.2m)
