{
  "inputSha": "e780e73ae84c977cf81546b49140d318dfcd6049",
  "execution": "not-launched",
  "ready": [
    "WP-01",
    "WP-48"
  ],
  "deferred": [],
  "receiptErrors": [],
  "verified": [],
  "blocked": [
    {
      "id": "WP-02",
      "missing": [
        "WP-01"
      ],
      "invalidReceipt": false
    },
    {
      "id": "WP-03",
      "missing": [
        "WP-01",
        "WP-02"
      ],
      "invalidReceipt": false
    },
    {
      "id": "WP-04",
      "missing": [
        "WP-02",
        "WP-03"
      ],
      "invalidReceipt": false
    },
    {
      "id": "WP-05",
      "missing": [
        "WP-04"
      ],
      "invalidReceipt": false
    },
    {
      "id": "WP-06",
      "missing": [
        "WP-04"
      ],
      "invalidReceipt": false
    },
    {
      "id": "WP-07",
      "missing": [
        "WP-04",
        "WP-03"
      ],
      "invalidReceipt": false
    },
    {
      "id": "WP-08",
      "missing": [
        "WP-04",
        "WP-03"
      ],
      "invalidReceipt": false
    },
    {
      "id": "WP-09",
      "missing": [
        "WP-08",
        "WP-07",
        "WP-06"
      ],
      "invalidReceipt": false
    },
    {
      "id": "WP-10",
      "missing": [
        "WP-05",
        "WP-03",
        "WP-06",
        "WP-09",
        "WP-49",
        "WP-51"
      ],
      "invalidReceipt": false
    },
    {
      "id": "WP-11",
      "missing": [
        "WP-08",
        "WP-09",
        "WP-07",
        "WP-04"
      ],
      "invalidReceipt": false
    },
    {
      "id": "WP-12",
      "missing": [
        "WP-11",
        "WP-02"
      ],
      "invalidReceipt": false
    },
    {
      "id": "WP-13",
      "missing": [
        "WP-11"
      ],
      "invalidReceipt": false
    },
    {
      "id": "WP-14",
      "missing": [
        "WP-13",
        "WP-07"
      ],
      "invalidReceipt": false
    },
    {
      "id": "WP-15",
      "missing": [
        "WP-10",
        "WP-08"
      ],
      "invalidReceipt": false
    },
    {
      "id": "WP-16",
      "missing": [
        "WP-02",
        "WP-06",
        "WP-10"
      ],
      "invalidReceipt": false
    },
    {
      "id": "WP-17",
      "missing": [
        "WP-04",
        "WP-03",
        "WP-06"
      ],
      "invalidReceipt": false
    },
    {
      "id": "WP-18",
      "missing": [
        "WP-17",
        "WP-05"
      ],
      "invalidReceipt": false
    },
    {
      "id": "WP-19",
      "missing": [
        "WP-17",
        "WP-18",
        "WP-39"
      ],
      "invalidReceipt": false
    },
    {
      "id": "WP-20",
      "missing": [
        "WP-18",
        "WP-19"
      ],
      "invalidReceipt": false
    },
    {
      "id": "WP-21",
      "missing": [
        "WP-18",
        "WP-19"
      ],
      "invalidReceipt": false
    },
    {
      "id": "WP-22",
      "missing": [
        "WP-17",
        "WP-18",
        "WP-02",
        "WP-03"
      ],
      "invalidReceipt": false
    },
    {
      "id": "WP-23",
      "missing": [
        "WP-22"
      ],
      "invalidReceipt": false
    },
    {
      "id": "WP-24",
      "missing": [
        "WP-22",
        "WP-03"
      ],
      "invalidReceipt": false
    },
    {
      "id": "WP-25",
      "missing": [
        "WP-24",
        "WP-08",
        "WP-09",
        "WP-07"
      ],
      "invalidReceipt": false
    },
    {
      "id": "WP-26",
      "missing": [
        "WP-22",
        "WP-25"
      ],
      "invalidReceipt": false
    },
    {
      "id": "WP-27",
      "missing": [
        "WP-04",
        "WP-03",
        "WP-02"
      ],
      "invalidReceipt": false
    },
    {
      "id": "WP-28",
      "missing": [
        "WP-27",
        "WP-06",
        "WP-09"
      ],
      "invalidReceipt": false
    },
    {
      "id": "WP-29",
      "missing": [
        "WP-28"
      ],
      "invalidReceipt": false
    },
    {
      "id": "WP-30",
      "missing": [
        "WP-28",
        "WP-12",
        "WP-22"
      ],
      "invalidReceipt": false
    },
    {
      "id": "WP-31",
      "missing": [
        "WP-08",
        "WP-03",
        "WP-04",
        "WP-12",
        "WP-52"
      ],
      "invalidReceipt": false
    },
    {
      "id": "WP-32",
      "missing": [
        "WP-31"
      ],
      "invalidReceipt": false
    },
    {
      "id": "WP-33",
      "missing": [
        "WP-31",
        "WP-32",
        "WP-39",
        "WP-52"
      ],
      "invalidReceipt": false
    },
    {
      "id": "WP-34",
      "missing": [
        "WP-33",
        "WP-06",
        "WP-39",
        "WP-50"
      ],
      "invalidReceipt": false
    },
    {
      "id": "WP-35",
      "missing": [
        "WP-02",
        "WP-03",
        "WP-04",
        "WP-05",
        "WP-39",
        "WP-51"
      ],
      "invalidReceipt": false
    },
    {
      "id": "WP-36",
      "missing": [
        "WP-04",
        "WP-06",
        "WP-09",
        "WP-51"
      ],
      "invalidReceipt": false
    },
    {
      "id": "WP-37",
      "missing": [
        "WP-07",
        "WP-36"
      ],
      "invalidReceipt": false
    },
    {
      "id": "WP-38",
      "missing": [
        "WP-12",
        "WP-25",
        "WP-28",
        "WP-34",
        "WP-36",
        "WP-50",
        "WP-39",
        "WP-16"
      ],
      "invalidReceipt": false
    },
    {
      "id": "WP-39",
      "missing": [
        "WP-02",
        "WP-03",
        "WP-04",
        "WP-06"
      ],
      "invalidReceipt": false
    },
    {
      "id": "WP-40",
      "missing": [
        "WP-02",
        "WP-03",
        "WP-06"
      ],
      "invalidReceipt": false
    },
    {
      "id": "WP-41",
      "missing": [
        "WP-10",
        "WP-15",
        "WP-16",
        "WP-21",
        "WP-26",
        "WP-29",
        "WP-34",
        "WP-35",
        "WP-37",
        "WP-38",
        "WP-39",
        "WP-40",
        "WP-50",
        "WP-51"
      ],
      "invalidReceipt": false
    },
    {
      "id": "WP-42",
      "missing": [
        "WP-10",
        "WP-15"
      ],
      "invalidReceipt": false
    },
    {
      "id": "WP-43",
      "missing": [
        "WP-10",
        "WP-39"
      ],
      "invalidReceipt": false
    },
    {
      "id": "WP-44",
      "missing": [
        "WP-39",
        "WP-15"
      ],
      "invalidReceipt": false
    },
    {
      "id": "WP-45",
      "missing": [
        "WP-36",
        "WP-12"
      ],
      "invalidReceipt": false
    },
    {
      "id": "WP-46",
      "missing": [
        "WP-41"
      ],
      "invalidReceipt": false
    },
    {
      "id": "WP-47",
      "missing": [
        "WP-31",
        "WP-33",
        "WP-39",
        "WP-04",
        "WP-10",
        "WP-18",
        "WP-34",
        "WP-17",
        "WP-35",
        "WP-52"
      ],
      "invalidReceipt": false
    },
    {
      "id": "WP-49",
      "missing": [
        "WP-02",
        "WP-03"
      ],
      "invalidReceipt": false
    },
    {
      "id": "WP-50",
      "missing": [
        "WP-36",
        "WP-03"
      ],
      "invalidReceipt": false
    },
    {
      "id": "WP-51",
      "missing": [
        "WP-03",
        "WP-04",
        "WP-05"
      ],
      "invalidReceipt": false
    },
    {
      "id": "WP-52",
      "missing": [
        "WP-01",
        "WP-03",
        "WP-04",
        "WP-51"
      ],
      "invalidReceipt": false
    }
  ]
}
