{
  "status": "blocked",
  "checks": [
    {
      "name": "commit",
      "passed": true,
      "observed": {
        "actual": "e780e73ae84c977cf81546b49140d318dfcd6049",
        "expected": "e780e73ae84c977cf81546b49140d318dfcd6049"
      }
    },
    {
      "name": "clean-checkout",
      "passed": false,
      "observed": {
        "dirty": true
      }
    },
    {
      "name": "disk",
      "passed": true,
      "observed": {
        "actualGiB": 59.99702453613281,
        "minimumGiB": 8
      }
    },
    {
      "name": "memory",
      "passed": true,
      "observed": {
        "actualGiB": 64,
        "minimumGiB": 8
      }
    },
    {
      "name": "cpu",
      "passed": true,
      "observed": {
        "actual": 10,
        "minimum": 4
      }
    },
    {
      "name": "platform",
      "passed": false,
      "observed": {
        "actual": "darwin",
        "lane": "linux-domain"
      }
    },
    {
      "name": "bun",
      "passed": false,
      "observed": {
        "actual": "1.4.2",
        "expected": "1.3.14"
      }
    },
    {
      "name": "node",
      "passed": false,
      "observed": {
        "actual": 26,
        "expected": 22
      }
    }
  ],
  "kind": "machine-prerequisites-only",
  "providers": "not-probed, no secret access or launch"
}
